Archive member included because of file (symbol)

c:/freescale/kds_v3/toolchain/bin/../lib/gcc/arm-none-eabi/4.8.4/../../../../arm-none-eabi/lib/armv7e-m/fpu\libstdc++_s.a(new_op.o)
                              ./src/main.o (operator new(unsigned int))
c:/freescale/kds_v3/toolchain/bin/../lib/gcc/arm-none-eabi/4.8.4/../../../../arm-none-eabi/lib/armv7e-m/fpu\libstdc++_s.a(del_op.o)
                              ./src/oculushub_main.o (operator delete(void*))
c:/freescale/kds_v3/toolchain/bin/../lib/gcc/arm-none-eabi/4.8.4/../../../../arm-none-eabi/lib/armv7e-m/fpu\libstdc++_s.a(new_handler.o)
                              c:/freescale/kds_v3/toolchain/bin/../lib/gcc/arm-none-eabi/4.8.4/../../../../arm-none-eabi/lib/armv7e-m/fpu\libstdc++_s.a(new_op.o) (__new_handler)
c:/freescale/kds_v3/toolchain/bin/../lib/gcc/arm-none-eabi/4.8.4/../../../../arm-none-eabi/lib/armv7e-m/fpu\libstdc++_s.a(new_opvnt.o)
                              ./BpClasses_Src/serializebuffer.o (operator new[](unsigned int, std::nothrow_t const&))
c:/freescale/kds_v3/toolchain/bin/../lib/gcc/arm-none-eabi/4.8.4/../../../../arm-none-eabi/lib/armv7e-m/fpu\libstdc++_s.a(del_opv.o)
                              ./BpClasses_Src/serializebuffer.o (operator delete[](void*))
c:/freescale/kds_v3/toolchain/bin/../lib/gcc/arm-none-eabi/4.8.4/../../../../arm-none-eabi/lib/armv7e-m/fpu\libstdc++_s.a(pure.o)
                              ./OculusHub_Src/oculushub.o (__cxa_pure_virtual)
c:/freescale/kds_v3/toolchain/bin/../lib/gcc/arm-none-eabi/4.8.4/../../../../arm-none-eabi/lib/armv7e-m/fpu\libstdc++_s.a(string-inst.o)
                              ./src/oculushub_main.o (std::string::_Rep::_S_empty_rep_storage)
c:/freescale/kds_v3/toolchain/bin/../lib/gcc/arm-none-eabi/4.8.4/../../../../arm-none-eabi/lib/armv7e-m/fpu\libstdc++_s.a(eh_terminate.o)
                              c:/freescale/kds_v3/toolchain/bin/../lib/gcc/arm-none-eabi/4.8.4/../../../../arm-none-eabi/lib/armv7e-m/fpu\libstdc++_s.a(pure.o) (std::terminate())
c:/freescale/kds_v3/toolchain/bin/../lib/gcc/arm-none-eabi/4.8.4/../../../../arm-none-eabi/lib/armv7e-m/fpu\libstdc++_s.a(new_opnt.o)
                              c:/freescale/kds_v3/toolchain/bin/../lib/gcc/arm-none-eabi/4.8.4/../../../../arm-none-eabi/lib/armv7e-m/fpu\libstdc++_s.a(new_opvnt.o) (operator new(unsigned int, std::nothrow_t const&))
c:/freescale/kds_v3/toolchain/bin/../lib/gcc/arm-none-eabi/4.8.4/../../../../arm-none-eabi/lib/armv7e-m/fpu\libstdc++_s.a(eh_unex_handler.o)
                              c:/freescale/kds_v3/toolchain/bin/../lib/gcc/arm-none-eabi/4.8.4/../../../../arm-none-eabi/lib/armv7e-m/fpu\libstdc++_s.a(eh_terminate.o) (__cxxabiv1::__unexpected_handler)
c:/freescale/kds_v3/toolchain/bin/../lib/gcc/arm-none-eabi/4.8.4/../../../../arm-none-eabi/lib/armv7e-m/fpu\libstdc++_s.a(eh_term_handler.o)
                              c:/freescale/kds_v3/toolchain/bin/../lib/gcc/arm-none-eabi/4.8.4/../../../../arm-none-eabi/lib/armv7e-m/fpu\libstdc++_s.a(eh_terminate.o) (__cxxabiv1::__terminate_handler)
c:/freescale/kds_v3/toolchain/bin/../lib/gcc/arm-none-eabi/4.8.4/../../../../arm-none-eabi/lib/armv7e-m/fpu\libstdc++_s.a(vterminate.o)
                              c:/freescale/kds_v3/toolchain/bin/../lib/gcc/arm-none-eabi/4.8.4/../../../../arm-none-eabi/lib/armv7e-m/fpu\libstdc++_s.a(eh_term_handler.o) (__gnu_cxx::__verbose_terminate_handler())
c:/freescale/kds_v3/toolchain/bin/../lib/gcc/arm-none-eabi/4.8.4/../../../../arm-none-eabi/lib/armv7e-m/fpu\libstdc++_s.a(eh_type.o)
                              c:/freescale/kds_v3/toolchain/bin/../lib/gcc/arm-none-eabi/4.8.4/../../../../arm-none-eabi/lib/armv7e-m/fpu\libstdc++_s.a(vterminate.o) (__cxa_current_exception_type)
c:/freescale/kds_v3/toolchain/bin/../lib/gcc/arm-none-eabi/4.8.4/../../../../arm-none-eabi/lib/armv7e-m/fpu\libstdc++_s.a(functexcept.o)
                              c:/freescale/kds_v3/toolchain/bin/../lib/gcc/arm-none-eabi/4.8.4/../../../../arm-none-eabi/lib/armv7e-m/fpu\libstdc++_s.a(string-inst.o) (std::__throw_logic_error(char const*))
c:/freescale/kds_v3/toolchain/bin/../lib/gcc/arm-none-eabi/4.8.4/../../../../arm-none-eabi/lib/armv7e-m/fpu\libstdc++_s.a(cp-demangle.o)
                              c:/freescale/kds_v3/toolchain/bin/../lib/gcc/arm-none-eabi/4.8.4/../../../../arm-none-eabi/lib/armv7e-m/fpu\libstdc++_s.a(vterminate.o) (__cxa_demangle)
c:/freescale/kds_v3/toolchain/bin/../lib/gcc/arm-none-eabi/4.8.4/../../../../arm-none-eabi/lib/armv7e-m/fpu\libstdc++_s.a(eh_globals.o)
                              c:/freescale/kds_v3/toolchain/bin/../lib/gcc/arm-none-eabi/4.8.4/../../../../arm-none-eabi/lib/armv7e-m/fpu\libstdc++_s.a(eh_type.o) (__cxa_get_globals)
c:/freescale/kds_v3/toolchain/bin/../lib/gcc/arm-none-eabi/4.8.4/armv7e-m/fpu\libgcc.a(_arm_addsubdf3.o)
                              ./BpDevices_Src/com_uart.o (__aeabi_dsub)
c:/freescale/kds_v3/toolchain/bin/../lib/gcc/arm-none-eabi/4.8.4/armv7e-m/fpu\libgcc.a(_arm_muldivdf3.o)
[...]
Memory Configuration

Name             Origin             Length             Attributes
m_interrupts     0x00010000         0x000001e8         xr
m_cfmprotrom     0x00010400         0x00000010         xr
m_text           0x00010410         0x0006fbf0         xr
m_data           0x1fff0000         0x00010000         rw
m_data_20000000  0x20000000         0x00010000         rw
*default*        0x00000000         0xffffffff

Linker script and memory map

LOAD c:/freescale/kds_v3/toolchain/bin/../lib/gcc/arm-none-eabi/4.8.4/armv7e-m/fpu/crti.o
LOAD c:/freescale/kds_v3/toolchain/bin/../lib/gcc/arm-none-eabi/4.8.4/armv7e-m/fpu/crtbegin.o
LOAD c:/freescale/kds_v3/toolchain/bin/../lib/gcc/arm-none-eabi/4.8.4/../../../../arm-none-eabi/lib/armv7e-m/fpu/crt0.o
LOAD ./src/main.o
LOAD ./src/oculushub_main.o
LOAD ./OculusHub_Src/cpu.o
LOAD ./OculusHub_Src/oculushub.o
LOAD ./OculusHub_Src/startup.o
LOAD ./BpDevices_Src/com.o
LOAD ./BpDevices_Src/com_uart.o
LOAD ./BpDevices_Src/flash.o
LOAD ./BpDevices_Src/mcg.o
LOAD ./BpDevices_Src/systick.o
LOAD ./BpClasses_Src/bitutils.o
LOAD ./BpClasses_Src/conversion.o
LOAD ./BpClasses_Src/crc16.o
LOAD ./BpClasses_Src/crc32.o
LOAD ./BpClasses_Src/datetime.o
LOAD ./BpClasses_Src/macros.o
LOAD ./BpClasses_Src/maths.o
LOAD ./BpClasses_Src/pid.o
LOAD ./BpClasses_Src/serialize.o
LOAD ./BpClasses_Src/serializebuffer.o
LOAD ./BpClasses_Src/sha1.o
LOAD ./BpClasses_Src/tea.o
LOAD ./BpApplication_Src/app.o
LOAD ./BpApplication_Src/flash_data.o
LOAD ./BpApplication_Src/flash_prog.o
LOAD ./BpApplication_Src/service.o
LOAD ./BpApplication_Src/ticktimer.o
LOAD c:/freescale/kds_v3/toolchain/bin/../lib/gcc/arm-none-eabi/4.8.4/../../../../arm-none-eabi/lib/armv7e-m/fpu\libstdc++_s.a
LOAD c:/freescale/kds_v3/toolchain/bin/../lib/gcc/arm-none-eabi/4.8.4/../../../../arm-none-eabi/lib/armv7e-m/fpu\libm.a
START GROUP
LOAD c:/freescale/kds_v3/toolchain/bin/../lib/gcc/arm-none-eabi/4.8.4/armv7e-m/fpu\libgcc.a
LOAD c:/freescale/kds_v3/toolchain/bin/../lib/gcc/arm-none-eabi/4.8.4/../../../../arm-none-eabi/lib/armv7e-m/fpu\libg_s.a
LOAD c:/freescale/kds_v3/toolchain/bin/../lib/gcc/arm-none-eabi/4.8.4/../../../../arm-none-eabi/lib/armv7e-m/fpu\libc_s.a
END GROUP
START GROUP
LOAD c:/freescale/kds_v3/toolchain/bin/../lib/gcc/arm-none-eabi/4.8.4/armv7e-m/fpu\libgcc.a
LOAD c:/freescale/kds_v3/toolchain/bin/../lib/gcc/arm-none-eabi/4.8.4/../../../../arm-none-eabi/lib/armv7e-m/fpu\libc_s.a
LOAD c:/freescale/kds_v3/toolchain/bin/../lib/gcc/arm-none-eabi/4.8.4/../../../../arm-none-eabi/lib/armv7e-m/fpu\libnosys.a
END GROUP
START GROUP
LOAD c:/freescale/kds_v3/toolchain/bin/../lib/gcc/arm-none-eabi/4.8.4/armv7e-m/fpu\libgcc.a
LOAD c:/freescale/kds_v3/toolchain/bin/../lib/gcc/arm-none-eabi/4.8.4/../../../../arm-none-eabi/lib/armv7e-m/fpu\libc_s.a
LOAD c:/freescale/kds_v3/toolchain/bin/../lib/gcc/arm-none-eabi/4.8.4/../../../../arm-none-eabi/lib/armv7e-m/fpu\libnosys.a
END GROUP
LOAD c:/freescale/kds_v3/toolchain/bin/../lib/gcc/arm-none-eabi/4.8.4/armv7e-m/fpu/crtend.o
LOAD c:/freescale/kds_v3/toolchain/bin/../lib/gcc/arm-none-eabi/4.8.4/armv7e-m/fpu/crtn.o
                0x20000000                _estack = 0x20000000
                0x20000000                __SP_INIT = _estack
                0x20000000                __stack = _estack
                0x0000a000                __heap_size = 0xa000
                0x00001000                __stack_size = 0x1000

.interrupts     0x00010000      0x1e8
                0x00010000                __vector_table = .
                0x00010000                . = ALIGN (0x4)
 *(.vectortable)
 .vectortable   0x00010000      0x1e8 ./OculusHub_Src/cpu.o
                0x00010000                __vect_table
                0x000101e8                . = ALIGN (0x4)

.cfmprotect     0x00010400       0x10
                0x00010400                . = ALIGN (0x4)
 *(.cfmconfig)
 .cfmconfig     0x00010400       0x10 ./OculusHub_Src/cpu.o
                0x00010400                _cfm
                0x00010410                . = ALIGN (0x4)

.text           0x00010410     0xa9d4
                0x00010410                . = ALIGN (0x4)
 *(.text)
 .text          0x00010410       0x54 c:/freescale/kds_v3/toolchain/bin/../lib/gcc/arm-none-eabi/4.8.4/armv7e-m/fpu/crtbegin.o
 .text          0x00010464       0x74 c:/freescale/kds_v3/toolchain/bin/../lib/gcc/arm-none-eabi/4.8.4/../../../../arm-none-eabi/lib/armv7e-m/fpu/crt0.o
                0x00010464                _start
                0x00010464                _mainCRTStartup
 .text          0x000104d8     0x5784 c:/freescale/kds_v3/toolchain/bin/../lib/gcc/arm-none-eabi/4.8.4/../../../../arm-none-eabi/lib/armv7e-m/fpu\libstdc++_s.a(cp-demangle.o)
                0x00015b7c                __cxa_demangle
                0x00015c40                __gcclibcxx_demangle_callback
 .text          0x00015c5c      0x370 c:/freescale/kds_v3/toolchain/bin/../lib/gcc/arm-none-eabi/4.8.4/armv7e-m/fpu\libgcc.a(_arm_addsubdf3.o)
                0x00015c5c                __aeabi_drsub
                0x00015c64                __aeabi_dsub
                0x00015c64                __subdf3
                0x00015c68                __aeabi_dadd
                0x00015c68                __adddf3
                0x00015ee0                __floatunsidf
                0x00015ee0                __aeabi_ui2d
                0x00015f00                __floatsidf
                0x00015f00                __aeabi_i2d
                0x00015f24                __aeabi_f2d
                0x00015f24                __extendsfdf2
                0x00015f60                __floatundidf
                0x00015f60                __aeabi_ul2d
                0x00015f70                __floatdidf
                0x00015f70                __aeabi_l2d
 .text          0x00015fcc      0x424 c:/freescale/kds_v3/toolchain/bin/../lib/gcc/arm-none-eabi/4.8.4/armv7e-m/fpu\libgcc.a(_arm_muldivdf3.o)
                0x00015fcc                __aeabi_dmul
                0x00015fcc                __muldf3
                0x00016220                __divdf3
                0x00016220                __aeabi_ddiv
 .text          0x000163f0      0x110 c:/freescale/kds_v3/toolchain/bin/../lib/gcc/arm-none-eabi/4.8.4/armv7e-m/fpu\libgcc.a(_arm_cmpdf2.o)
                0x000163f0                __gtdf2
                0x000163f0                __gedf2
                0x000163f8                __ltdf2
                0x000163f8                __ledf2
                0x00016400                __nedf2
                0x00016400                __eqdf2
                0x00016400                __cmpdf2
                0x0001647c                __aeabi_cdrcmple
                0x0001648c                __aeabi_cdcmpeq
                0x0001648c                __aeabi_cdcmple
                0x0001649c                __aeabi_dcmpeq
                0x000164b0                __aeabi_dcmplt
                0x000164c4                __aeabi_dcmple
                0x000164d8                __aeabi_dcmpge
                0x000164ec                __aeabi_dcmpgt
 .text          0x00016500       0x50 c:/freescale/kds_v3/toolchain/bin/../lib/gcc/arm-none-eabi/4.8.4/armv7e-m/fpu\libgcc.a(_arm_fixdfsi.o)
                0x00016500                __aeabi_d2iz
                0x00016500                __fixdfsi
 .text          0x00016550       0x40 c:/freescale/kds_v3/toolchain/bin/../lib/gcc/arm-none-eabi/4.8.4/armv7e-m/fpu\libgcc.a(_arm_fixunsdfsi.o)
                0x00016550                __aeabi_d2uiz
                0x00016550                __fixunsdfsi
 .text          0x00016590       0xa0 c:/freescale/kds_v3/toolchain/bin/../lib/gcc/arm-none-eabi/4.8.4/armv7e-m/fpu\libgcc.a(_arm_truncdfsf2.o)
                0x00016590                __truncdfsf2
                0x00016590                __aeabi_d2f
 .text          0x00016630       0x2c c:/freescale/kds_v3/toolchain/bin/../lib/gcc/arm-none-eabi/4.8.4/armv7e-m/fpu\libgcc.a(_fixsfdi.o)
                0x00016630                __fixsfdi
                0x00016630                __aeabi_f2lz
 .text          0x0001665c       0x30 c:/freescale/kds_v3/toolchain/bin/../lib/gcc/arm-none-eabi/4.8.4/armv7e-m/fpu\libgcc.a(_fixdfdi.o)
                0x0001665c                __fixdfdi
                0x0001665c                __aeabi_d2lz
 .text          0x0001668c       0x48 c:/freescale/kds_v3/toolchain/bin/../lib/gcc/arm-none-eabi/4.8.4/armv7e-m/fpu\libgcc.a(_fixunssfdi.o)
                0x0001668c                __fixunssfdi
                0x0001668c                __aeabi_f2ulz
 .text          0x000166d4       0x44 c:/freescale/kds_v3/toolchain/bin/../lib/gcc/arm-none-eabi/4.8.4/armv7e-m/fpu\libgcc.a(_fixunsdfdi.o)
                0x000166d4                __fixunsdfdi
                0x000166d4                __aeabi_d2ulz
 .text          0x00016718       0x14 c:/freescale/kds_v3/toolchain/bin/../lib/gcc/arm-none-eabi/4.8.4/../../../../arm-none-eabi/lib/armv7e-m/fpu\libg_s.a(lib_a-strcmp.o)
                0x00016718                strcmp
 *(.text*)
 .text.main     0x0001672c       0x24 ./src/main.o
                0x0001672c                main
 .text.ISR_NMI  0x00016750       0x1c ./src/main.o
                0x00016750                ISR_NMI
 .text.ISR_Hard_Fault
                0x0001676c       0x1c ./src/main.o
                0x0001676c                ISR_Hard_Fault
 .text.ISR_Mem_Manage_Fault
                0x00016788       0x1c ./src/main.o
                0x00016788                ISR_Mem_Manage_Fault
 .text.ISR_Bus_Fault
                0x000167a4       0x1c ./src/main.o
                0x000167a4                ISR_Bus_Fault
 .text.ISR_Usage_Fault
                0x000167c0       0x1c ./src/main.o
                0x000167c0                ISR_Usage_Fault
 .text._ZN14COculusHubMain8DoRebootEv
                0x000167dc        0x4 ./src/oculushub_main.o
                0x000167dc                COculusHubMain::DoReboot()
 .text._ZN14COculusHubMain20FlashProgActionEventEP22TFlashProgActionParams
                0x000167e0        0x4 ./src/oculushub_main.o
                0x000167e0                COculusHubMain::FlashProgActionEvent(TFlashProgActionParams*)
 .text._ZN14COculusHubMainD2Ev
                0x000167e4       0x14 ./src/oculushub_main.o
                0x000167e4                COculusHubMain::~COculusHubMain()
                0x000167e4                COculusHubMain::~COculusHubMain()
 .text._ZN14COculusHubMainD0Ev
                0x000167f8       0x14 ./src/oculushub_main.o
                0x000167f8                COculusHubMain::~COculusHubMain()
 .text._ZN14COculusHubMain5DoRunEv
                0x0001680c      0x1d0 ./src/oculushub_main.o
                0x0001680c                COculusHubMain::DoRun()
 *fill*         0x000169dc        0x4 
 .text._ZN14COculusHubMainC2Ev
                0x000169e0       0x70 ./src/oculushub_main.o
                0x000169e0                COculusHubMain::COculusHubMain()
                0x000169e0                COculusHubMain::COculusHubMain()
 .text.ISR_Default
                0x00016a50        0x4 ./OculusHub_Src/cpu.o
                0x00016a50                ISR_Reserved13
                0x00016a50                ISR_PORTD
                0x00016a50                ISR_SWI
                0x00016a50                ISR_DMA9
                0x00016a50                ISR_I2S1_Tx
                0x00016a50                ISR_FTM3
                0x00016a50                ISR_PIT1
                0x00016a50                ISR_SVCall
                0x00016a50                ISR_ADC1
                0x00016a50                ISR_USBDCD
                0x00016a50                ISR_TSI0
                0x00016a50                ISR_PORTA
                0x00016a50                ISR_CAN0_Bus_Off
                0x00016a50                ISR_UART5_RX_TX
                0x00016a50                ISR_Reserved59
                0x00016a50                ISR_RNGB
                0x00016a50                ISR_Reserved8
                0x00016a50                ISR_SDHC
                0x00016a50                ISR_USB0
                0x00016a50                ISR_PendableSrvReq
                0x00016a50                ISR_DMA12
                0x00016a50                ISR_DMA3
                0x00016a50                ISR_SPI0
                0x00016a50                ISR_Read_Collision
                0x00016a50                ISR_Reserved9
                0x00016a50                ISR_MCM
                0x00016a50                ISR_ENET_Error
                0x00016a50                ISR_UART0_ERR
                0x00016a50                ISR_Default
                0x00016a50                ISR_CMP0
                0x00016a50                ISR_CAN0_Wake_Up
                0x00016a50                ISR_UART0_LON
                0x00016a50                ISR_LPTMR0
                0x00016a50                ISR_Reserved113
                0x00016a50                ISR_FTM1
                0x00016a50                ISR_CAN1_Bus_Off
                0x00016a50                ISR_DMA4
                0x00016a50                ISR_DebugMonitor
                0x00016a50                ISR_LVD_LVW
                0x00016a50                ISR_UART2_RX_TX
                0x00016a50                ISR_CMP2
                0x00016a50                ISR_CAN1_Tx_Warning
                0x00016a50                ISR_I2C1
                0x00016a50                ISR_I2C0
                0x00016a50                ISR_CAN0_Tx_Warning
                0x00016a50                ISR_PIT2
                0x00016a50                ISR_Reserved116
                0x00016a50                ISR_USBHS
                0x00016a50                ISR_CAN1_Error
                0x00016a50                ISR_WDOG_EWM
                0x00016a50                ISR_NFC
                0x00016a50                ISR_MCG
                0x00016a50                ISR_FTM2
                0x00016a50                ISR_CAN1_Rx_Warning
                0x00016a50                ISR_RTC
                0x00016a50                ISR_ENET_Receive
                0x00016a50                ISR_DMA1
                0x00016a50                ISR_DMA2
                0x00016a50                ISR_PIT0
                0x00016a50                ISR_DMA_Error
                0x00016a50                ISR_I2S0_Rx
                0x00016a50                ISR_CAN0_Error
                0x00016a50                ISR_PORTF
                0x00016a50                ISR_SPI1
                0x00016a50                ISR_PORTE
                0x00016a50                ISR_DMA13
                0x00016a50                ISR_CMP1
                0x00016a50                ISR_RTC_Seconds
                0x00016a50                ISR_Reserved95
                0x00016a50                ISR_DMA15
                0x00016a50                ISR_CAN0_ORed_Message_buffer
                0x00016a50                ISR_ADC3
                0x00016a50                ISR_DMA7
                0x00016a50                ISR_DMA8
                0x00016a50                ISR_I2S0_Tx
                0x00016a50                ISR_FTM0
                0x00016a50                ISR_UART1_ERR
                0x00016a50                ISR_ADC2
                0x00016a50                ISR_LLWU
                0x00016a50                ISR_DMA14
                0x00016a50                ISR_CMP3
                0x00016a50                ISR_Reserved109
                0x00016a50                ISR_Reserved102
                0x00016a50                ISR_DAC0
                0x00016a50                ISR_DAC1
                0x00016a50                ISR_ENET_Transmit
                0x00016a50                ISR_UART2_ERR
                0x00016a50                ISR_PORTB
                0x00016a50                ISR_ENET_1588_Timer
                0x00016a50                ISR_UART4_ERR
                0x00016a50                ISR_DMA11
                0x00016a50                ISR_DMA0
                0x00016a50                ISR_PORTC
                0x00016a50                ISR_PIT3
                0x00016a50                ISR_Reserved7
                0x00016a50                ISR_UART5_ERR
                0x00016a50                ISR_CAN1_Wake_Up
                0x00016a50                ISR_UART4_RX_TX
                0x00016a50                ISR_Reserved10
                0x00016a50                ISR_PDB0
                0x00016a50                ISR_FTFE
                0x00016a50                ISR_I2S1_Rx
                0x00016a50                ISR_Reserved115
                0x00016a50                ISR_CAN0_Rx_Warning
                0x00016a50                ISR_CAN1_ORed_Message_buffer
                0x00016a50                ISR_ADC0
                0x00016a50                ISR_CMT
                0x00016a50                ISR_UART3_ERR
                0x00016a50                ISR_DMA10
                0x00016a50                ISR_SPI2
                0x00016a50                ISR_DMA5
                0x00016a50                ISR_DMA6
 .text._ZN10COculusHubD2Ev
                0x00016a54        0xc ./OculusHub_Src/oculushub.o
                0x00016a54                COculusHub::~COculusHub()
                0x00016a54                COculusHub::~COculusHub()
 .text._ZN10COculusHub16DoInitialiseGpioEv
                0x00016a60      0x16c ./OculusHub_Src/oculushub.o
                0x00016a60                COculusHub::DoInitialiseGpio()
 .text._ZN10COculusHub20FlashProgActionEventEP22TFlashProgActionParams
                0x00016bcc        0x4 ./OculusHub_Src/oculushub.o
                0x00016bcc                COculusHub::FlashProgActionEvent(TFlashProgActionParams*)
 .text._ZN10CDelegate1IvP22TFlashProgActionParamsED2Ev
                0x00016bd0        0xc ./OculusHub_Src/oculushub.o
                0x00016bd0                CDelegate1<void, TFlashProgActionParams*>::~CDelegate1()
                0x00016bd0                CDelegate1<void, TFlashProgActionParams*>::~CDelegate1()
 .text._ZN16CDelegateMethod1I10COculusHubvP22TFlashProgActionParamsED2Ev
                0x00016bdc        0xc ./OculusHub_Src/oculushub.o
                0x00016bdc                CDelegateMethod1<COculusHub, void, TFlashProgActionParams*>::~CDelegateMethod1()
                0x00016bdc                CDelegateMethod1<COculusHub, void, TFlashProgActionParams*>::~CDelegateMethod1()
 .text._ZN16CDelegateMethod1I10COculusHubvP22TFlashProgActionParamsE4CallES2_
                0x00016be8       0x24 ./OculusHub_Src/oculushub.o
                0x00016be8                CDelegateMethod1<COculusHub, void, TFlashProgActionParams*>::Call(TFlashProgActionParams*)
 .text._ZN10COculusHubD0Ev
                0x00016c0c       0x14 ./OculusHub_Src/oculushub.o
                0x00016c0c                COculusHub::~COculusHub()
 .text._ZN10CDelegate1IvP22TFlashProgActionParamsED0Ev
                0x00016c20       0x14 ./OculusHub_Src/oculushub.o
                0x00016c20                CDelegate1<void, TFlashProgActionParams*>::~CDelegate1()
 .text._ZN16CDelegateMethod1I10COculusHubvP22TFlashProgActionParamsED0Ev
                0x00016c34       0x14 ./OculusHub_Src/oculushub.o
                0x00016c34                CDelegateMethod1<COculusHub, void, TFlashProgActionParams*>::~CDelegateMethod1()
 .text._ZN10COculusHub3RunEv
                0x00016c48      0x110 ./OculusHub_Src/oculushub.o
                0x00016c48                COculusHub::Run()
 .text._ZN10COculusHubC2Ev
                0x00016d58      0x160 ./OculusHub_Src/oculushub.o
                0x00016d58                COculusHub::COculusHub()
                0x00016d58                COculusHub::COculusHub()
 .text.__copy_rom_section
                0x00016eb8       0x50 ./OculusHub_Src/startup.o
                0x00016eb8                __copy_rom_section
 .text.__copy_rom_sections_to_ram
                0x00016f08       0x4c ./OculusHub_Src/startup.o
                0x00016f08                __copy_rom_sections_to_ram
 .text.__thumb_startup
                0x00016f54       0x5c ./OculusHub_Src/startup.o
                0x00016f54                __thumb_startup
 .text._ZN4CCom5WriteEPhj
                0x00016fb0       0x2c ./BpDevices_Src/com.o
                0x00016fb0                CCom::Write(unsigned char*, unsigned int)
 .text._ZN4CCom9PrintArgsEPcSt9__va_list
                0x00016fdc       0x34 ./BpDevices_Src/com.o
                0x00016fdc                CCom::PrintArgs(char*, std::__va_list)
 .text._ZN4CCom5PrintESsz
                0x00017010       0x20 ./BpDevices_Src/com.o
                0x00017010                CCom::Print(std::string, ...)
 .text._ZN8CComUart8DoTxModeEbb
                0x00017030       0x70 ./BpDevices_Src/com_uart.o
                0x00017030                CComUart::DoTxMode(bool, bool)
 .text._ZN8CComUart5FlushEv
                0x000170a0       0x58 ./BpDevices_Src/com_uart.o
                0x000170a0                CComUart::Flush()
 .text._ZN8CComUart16GetRxBufferCountEv
                0x000170f8       0x38 ./BpDevices_Src/com_uart.o
                0x000170f8                CComUart::GetRxBufferCount()
 .text._ZN8CComUart16GetTxBufferCountEv
                0x00017130       0x38 ./BpDevices_Src/com_uart.o
                0x00017130                CComUart::GetTxBufferCount()
 .text._ZN8CComUart6IsOpenEv
                0x00017168        0x4 ./BpDevices_Src/com_uart.o
                0x00017168                CComUart::IsOpen()
 .text._ZN8CComUart13CalcBaudValueE9EUartBaud
                0x0001716c       0x80 ./BpDevices_Src/com_uart.o
                0x0001716c                CComUart::CalcBaudValue(EUartBaud)
 .text._ZN8CComUart12CalcBaudRateEj
                0x000171ec       0xa0 ./BpDevices_Src/com_uart.o
                0x000171ec                CComUart::CalcBaudRate(unsigned int)
 .text._ZN8CComUart11SetBaudRateE9EUartBaud
                0x0001728c        0x8 ./BpDevices_Src/com_uart.o
                0x0001728c                CComUart::SetBaudRate(EUartBaud)
 .text._ZN8CComUart9SetParityE11EUartParity
                0x00017294        0x8 ./BpDevices_Src/com_uart.o
                0x00017294                CComUart::SetParity(EUartParity)
 .text._ZN11CFifoBufferIhED2Ev
                0x0001729c       0x10 ./BpDevices_Src/com_uart.o
                0x0001729c                CFifoBuffer<unsigned char>::~CFifoBuffer()
                0x0001729c                CFifoBuffer<unsigned char>::~CFifoBuffer()
 .text._ZN11CFifoBufferIhE5ClearEv
                0x000172ac        0xc ./BpDevices_Src/com_uart.o
                0x000172ac                CFifoBuffer<unsigned char>::Clear()
 .text._ZN8CComUart5ClearEbb
                0x000172b8       0x4c ./BpDevices_Src/com_uart.o
                0x000172b8                CComUart::Clear(bool, bool)
 .text._ZN8CComUart5CloseEv
                0x00017304       0xec ./BpDevices_Src/com_uart.o
                0x00017304                CComUart::Close()
 .text._ZN8CComUartD2Ev
                0x000173f0       0x34 ./BpDevices_Src/com_uart.o
                0x000173f0                CComUart::~CComUart()
                0x000173f0                CComUart::~CComUart()
 .text._ZN8CComUartD0Ev
                0x00017424       0x14 ./BpDevices_Src/com_uart.o
                0x00017424                CComUart::~CComUart()
 .text._ZN8CComUart4OpenEv
                0x00017438      0x230 ./BpDevices_Src/com_uart.o
                0x00017438                CComUart::Open()
 .text._ZN11CFifoBufferIhE4PushEh
                0x00017668       0x34 ./BpDevices_Src/com_uart.o
                0x00017668                CFifoBuffer<unsigned char>::Push(unsigned char)
 .text._ZN8CComUart9WriteByteEh
                0x0001769c       0xa4 ./BpDevices_Src/com_uart.o
                0x0001769c                CComUart::WriteByte(unsigned char)
 .text._ZN11CFifoBufferIhE3PopEPh
                0x00017740       0x34 ./BpDevices_Src/com_uart.o
                0x00017740                CFifoBuffer<unsigned char>::Pop(unsigned char*)
 .text._ZN8CComUart5DoISREv
                0x00017774      0x104 ./BpDevices_Src/com_uart.o
                0x00017774                CComUart::DoISR()
 .text.ISR_UART0_RX_TX
                0x00017878       0x20 ./BpDevices_Src/com_uart.o
                0x00017878                ISR_UART0_RX_TX
 .text.ISR_UART1_RX_TX
                0x00017898       0x20 ./BpDevices_Src/com_uart.o
                0x00017898                ISR_UART1_RX_TX
 .text.ISR_UART3_RX_TX
                0x000178b8       0x20 ./BpDevices_Src/com_uart.o
                0x000178b8                ISR_UART3_RX_TX
 .text._ZN8CComUart8ReadByteEv
                0x000178d8       0x9c ./BpDevices_Src/com_uart.o
                0x000178d8                CComUart::ReadByte()
 .text._ZN11CFifoBufferIhE11SetCapacityEj
                0x00017974       0x18 ./BpDevices_Src/com_uart.o
                0x00017974                CFifoBuffer<unsigned char>::SetCapacity(unsigned int)
 .text._ZN11CFifoBufferIhEC2Ej
                0x0001798c       0x10 ./BpDevices_Src/com_uart.o
                0x0001798c                CFifoBuffer<unsigned char>::CFifoBuffer(unsigned int)
                0x0001798c                CFifoBuffer<unsigned char>::CFifoBuffer(unsigned int)
 .text._ZN8CComUartC2Ehjj
                0x0001799c       0x4c ./BpDevices_Src/com_uart.o
                0x0001799c                CComUart::CComUart(unsigned char, unsigned int, unsigned int)
                0x0001799c                CComUart::CComUart(unsigned char, unsigned int, unsigned int)
 .text._ZN6CFlashD2Ev
                0x000179e8        0xc ./BpDevices_Src/flash.o
                0x000179e8                CFlash::~CFlash()
                0x000179e8                CFlash::~CFlash()
 .text._ZN6CFlashD0Ev
                0x000179f4       0x14 ./BpDevices_Src/flash.o
                0x000179f4                CFlash::~CFlash()
 .text._ZN6CFlashC2Ev
                0x00017a08       0x30 ./BpDevices_Src/flash.o
                0x00017a08                CFlash::CFlash()
                0x00017a08                CFlash::CFlash()
 .text._ZN6CFlash12CheckAddressERjj
                0x00017a38       0x14 ./BpDevices_Src/flash.o
                0x00017a38                CFlash::CheckAddress(unsigned int&, unsigned int)
 .text._ZN6CFlash10ExecuteCmdEhPh
                0x00017a4c       0xf0 ./BpDevices_Src/flash.o
                0x00017a4c                CFlash::ExecuteCmd(unsigned char, unsigned char*)
 .text._ZN6CFlash16FlashEraseSectorEj
                0x00017b3c       0x34 ./BpDevices_Src/flash.o
                0x00017b3c                CFlash::FlashEraseSector(unsigned int)
 .text._ZN6CFlash15FlashEraseRangeEjj
                0x00017b70       0x50 ./BpDevices_Src/flash.o
                0x00017b70                CFlash::FlashEraseRange(unsigned int, unsigned int)
 .text._ZN6CFlash17FlashEraseSectorsEjt
                0x00017bc0        0xc ./BpDevices_Src/flash.o
                0x00017bc0                CFlash::FlashEraseSectors(unsigned int, unsigned short)
 .text._ZN6CFlash18FlashProgramPhraseEjPh
                0x00017bcc       0x84 ./BpDevices_Src/flash.o
                0x00017bcc                CFlash::FlashProgramPhrase(unsigned int, unsigned char*)
 .text._ZN6CFlash12FlashProgramEjPhjPj
                0x00017c50       0x9c ./BpDevices_Src/flash.o
                0x00017c50                CFlash::FlashProgram(unsigned int, unsigned char*, unsigned int, unsigned int*)
 .text._ZN6CFlash18FlashVerifySectorsEjt16EFlashReadMargin
                0x00017cec       0x44 ./BpDevices_Src/flash.o
                0x00017cec                CFlash::FlashVerifySectors(unsigned int, unsigned short, EFlashReadMargin)
 .text._ZN4CMcg10InitialiseEP10TMcgConfig
                0x00017d30      0x154 ./BpDevices_Src/mcg.o
                0x00017d30                CMcg::Initialise(TMcgConfig*)
 .text._ZN8CSysTick12GetFrequencyEv
                0x00017e84        0xc ./BpDevices_Src/systick.o
                0x00017e84                CSysTick::GetFrequency()
 .text._ZN8CSysTick8GetTicksEv
                0x00017e90       0x3c ./BpDevices_Src/systick.o
                0x00017e90                CSysTick::GetTicks()
 .text._ZN8CSysTick8SetTicksEx
                0x00017ecc       0x3c ./BpDevices_Src/systick.o
                0x00017ecc                CSysTick::SetTicks(long long)
 .text._ZN8CSysTick10InitialiseEd
                0x00017f08       0x7c ./BpDevices_Src/systick.o
                0x00017f08                CSysTick::Initialise(double)
 .text._ZN8CSysTick16WaitMillisecondsEf
                0x00017f84       0x68 ./BpDevices_Src/systick.o
                0x00017f84                CSysTick::WaitMilliseconds(float)
 .text.ISR_SysTick
                0x00017fec       0x34 ./BpDevices_Src/systick.o
                0x00017fec                ISR_SysTick
 .text._ZN6CCrc164CalcEPhjjt
                0x00018020       0x28 ./BpClasses_Src/crc16.o
                0x00018020                CCrc16::Calc(unsigned char*, unsigned int, unsigned int, unsigned short)
 .text._ZN10CFlashData5EraseEv
                0x00018048       0x24 ./BpApplication_Src/flash_data.o
                0x00018048                CFlashData::Erase()
 .text._ZN10CFlashData10EraseCheckEv
                0x0001806c       0x20 ./BpApplication_Src/flash_data.o
                0x0001806c                CFlashData::EraseCheck()
 .text._ZN10CFlashData16FindActiveRecordEPj
                0x0001808c       0x84 ./BpApplication_Src/flash_data.o
                0x0001808c                CFlashData::FindActiveRecord(unsigned int*)
 .text._ZN10CFlashData4ReadEPvt
                0x00018110       0x64 ./BpApplication_Src/flash_data.o
                0x00018110                CFlashData::Read(void*, unsigned short)
 .text._ZN10CFlashData8ReadFindEv
                0x00018174       0x2c ./BpApplication_Src/flash_data.o
                0x00018174                CFlashData::ReadFind()
 .text._ZN10CFlashDataC2EP6CFlashjj
                0x000181a0       0x4c ./BpApplication_Src/flash_data.o
                0x000181a0                CFlashData::CFlashData(CFlash*, unsigned int, unsigned int)
                0x000181a0                CFlashData::CFlashData(CFlash*, unsigned int, unsigned int)
 .text._ZN10CFlashData5WriteEPvt
                0x000181ec      0x1c0 ./BpApplication_Src/flash_data.o
                0x000181ec                CFlashData::Write(void*, unsigned short)
 .text._ZN10CFlashProg9ProgResetEv
                0x000183ac       0x1c ./BpApplication_Src/flash_prog.o
                0x000183ac                CFlashProg::ProgReset()
 .text._ZN10CFlashProgC2EP6CFlashjj
                0x000183c8       0x34 ./BpApplication_Src/flash_prog.o
                0x000183c8                CFlashProg::CFlashProg(CFlash*, unsigned int, unsigned int)
                0x000183c8                CFlashProg::CFlashProg(CFlash*, unsigned int, unsigned int)
 .text._ZN10CFlashProg15SetHardwareInfoEP22TFlashProgHardwareInfo
                0x000183fc        0x4 ./BpApplication_Src/flash_prog.o
                0x000183fc                CFlashProg::SetHardwareInfo(TFlashProgHardwareInfo*)
 .text._ZN10CFlashData8ReadTypeI14TFlashProgInfoEEiPT_
                0x00018400       0x18 ./BpApplication_Src/flash_prog.o
                0x00018400                int CFlashData::ReadType<TFlashProgInfo>(TFlashProgInfo*)
 .text._ZN10CFlashProg8ReadInfoEP14TFlashProgInfo
                0x00018418       0x14 ./BpApplication_Src/flash_prog.o
                0x00018418                CFlashProg::ReadInfo(TFlashProgInfo*)
 .text._ZN10CFlashData9WriteTypeI14TFlashProgInfoEEbPT_
                0x0001842c        0xc ./BpApplication_Src/flash_prog.o
                0x0001842c                bool CFlashData::WriteType<TFlashProgInfo>(TFlashProgInfo*)
 .text._ZN10CFlashProg9WriteInfoEP14TFlashProgInfo
                0x00018438        0xc ./BpApplication_Src/flash_prog.o
                0x00018438                CFlashProg::WriteInfo(TFlashProgInfo*)
 .text._ZN10CFlashProg18UpdateFirmwareInfoEv
                0x00018444       0x78 ./BpApplication_Src/flash_prog.o
                0x00018444                CFlashProg::UpdateFirmwareInfo()
 .text._ZN10CTickTimerD2Ev
                0x000184bc        0xc ./BpApplication_Src/ticktimer.o
                0x000184bc                CTickTimer::~CTickTimer()
                0x000184bc                CTickTimer::~CTickTimer()
 .text._ZN10CTickTimerD0Ev
                0x000184c8       0x14 ./BpApplication_Src/ticktimer.o
                0x000184c8                CTickTimer::~CTickTimer()
 .text._ZN10CTickTimerC2Eb
                0x000184dc       0x20 ./BpApplication_Src/ticktimer.o
                0x000184dc                CTickTimer::CTickTimer(bool)
                0x000184dc                CTickTimer::CTickTimer(bool)
 .text._ZN10CTickTimer5ResetEv
                0x000184fc       0x14 ./BpApplication_Src/ticktimer.o
                0x000184fc                CTickTimer::Reset()
 .text._ZN10CTickTimer4PollEv
                0x00018510       0x9c ./BpApplication_Src/ticktimer.o
                0x00018510                CTickTimer::Poll()
 .text._ZN10CTickTimer10SetEnabledEb
                0x000185ac        0x4 ./BpApplication_Src/ticktimer.o
                0x000185ac                CTickTimer::SetEnabled(bool)
 .text._ZN10CTickTimer12SetFrequencyEd
                0x000185b0       0x38 ./BpApplication_Src/ticktimer.o
                0x000185b0                CTickTimer::SetFrequency(double)
 .text._Znwj    0x000185e8       0x28 c:/freescale/kds_v3/toolchain/bin/../lib/gcc/arm-none-eabi/4.8.4/../../../../arm-none-eabi/lib/armv7e-m/fpu\libstdc++_s.a(new_op.o)
                0x000185e8                operator new(unsigned int)
 .text._ZdlPv   0x00018610        0x8 c:/freescale/kds_v3/toolchain/bin/../lib/gcc/arm-none-eabi/4.8.4/../../../../arm-none-eabi/lib/armv7e-m/fpu\libstdc++_s.a(del_op.o)
                0x00018610                operator delete(void*)
 .text.__cxa_pure_virtual
                0x00018618       0x14 c:/freescale/kds_v3/toolchain/bin/../lib/gcc/arm-none-eabi/4.8.4/../../../../arm-none-eabi/lib/armv7e-m/fpu\libstdc++_s.a(pure.o)
                0x00018618                __cxa_pure_virtual
 .text._ZNSs7_M_copyEPcPKcj
                0x0001862c       0x14 c:/freescale/kds_v3/toolchain/bin/../lib/gcc/arm-none-eabi/4.8.4/../../../../arm-none-eabi/lib/armv7e-m/fpu\libstdc++_s.a(string-inst.o)
                0x0001862c                std::string::_M_copy(char*, char const*, unsigned int)
 .text._ZNSs13_S_copy_charsEPcPKcS1_
                0x00018640        0xa c:/freescale/kds_v3/toolchain/bin/../lib/gcc/arm-none-eabi/4.8.4/../../../../arm-none-eabi/lib/armv7e-m/fpu\libstdc++_s.a(string-inst.o)
                0x00018640                std::string::_S_copy_chars(char*, char const*, char const*)
 *fill*         0x0001864a        0x2 
 .text._ZNSs4_Rep26_M_set_length_and_sharableEj
                0x0001864c       0x18 c:/freescale/kds_v3/toolchain/bin/../lib/gcc/arm-none-eabi/4.8.4/../../../../arm-none-eabi/lib/armv7e-m/fpu\libstdc++_s.a(string-inst.o)
                0x0001864c                std::string::_Rep::_M_set_length_and_sharable(unsigned int)
 .text._ZNSs4_Rep9_S_createEjjRKSaIcE
                0x00018664       0x58 c:/freescale/kds_v3/toolchain/bin/../lib/gcc/arm-none-eabi/4.8.4/../../../../arm-none-eabi/lib/armv7e-m/fpu\libstdc++_s.a(string-inst.o)
                0x00018664                std::string::_Rep::_S_create(unsigned int, unsigned int, std::allocator<char> const&)
 .text._ZNSs4_Rep10_M_destroyERKSaIcE
                0x000186bc        0x4 c:/freescale/kds_v3/toolchain/bin/../lib/gcc/arm-none-eabi/4.8.4/../../../../arm-none-eabi/lib/armv7e-m/fpu\libstdc++_s.a(string-inst.o)
                0x000186bc                std::string::_Rep::_M_destroy(std::allocator<char> const&)
 .text._ZNSs12_S_constructIPKcEEPcT_S3_RKSaIcESt20forward_iterator_tag
                0x000186c0       0x4c c:/freescale/kds_v3/toolchain/bin/../lib/gcc/arm-none-eabi/4.8.4/../../../../arm-none-eabi/lib/armv7e-m/fpu\libstdc++_s.a(string-inst.o)
                0x000186c0                char* std::string::_S_construct<char const*>(char const*, char const*, std::allocator<char> const&, std::forward_iterator_tag)
 .text._ZNSsC2EPKcRKSaIcE
                0x0001870c       0x2a c:/freescale/kds_v3/toolchain/bin/../lib/gcc/arm-none-eabi/4.8.4/../../../../arm-none-eabi/lib/armv7e-m/fpu\libstdc++_s.a(string-inst.o)
                0x0001870c                std::basic_string<char, std::char_traits<char>, std::allocator<char> >::basic_string(char const*, std::allocator<char> const&)
                0x0001870c                std::basic_string<char, std::char_traits<char>, std::allocator<char> >::basic_string(char const*, std::allocator<char> const&)
 .text._ZN10__cxxabiv111__terminateEPFvvE
                0x00018736        0x8 c:/freescale/kds_v3/toolchain/bin/../lib/gcc/arm-none-eabi/4.8.4/../../../../arm-none-eabi/lib/armv7e-m/fpu\libstdc++_s.a(eh_terminate.o)
                0x00018736                __cxxabiv1::__terminate(void (*)())
 *fill*         0x0001873e        0x2 
 .text._ZSt9terminatev
                0x00018740       0x10 c:/freescale/kds_v3/toolchain/bin/../lib/gcc/arm-none-eabi/4.8.4/../../../../arm-none-eabi/lib/armv7e-m/fpu\libstdc++_s.a(eh_terminate.o)
                0x00018740                std::terminate()
 .text._ZN9__gnu_cxx27__verbose_terminate_handlerEv
                0x00018750       0x98 c:/freescale/kds_v3/toolchain/bin/../lib/gcc/arm-none-eabi/4.8.4/../../../../arm-none-eabi/lib/armv7e-m/fpu\libstdc++_s.a(vterminate.o)
                0x00018750                __gnu_cxx::__verbose_terminate_handler()
 .text.__cxa_current_exception_type
                0x000187e8       0x1a c:/freescale/kds_v3/toolchain/bin/../lib/gcc/arm-none-eabi/4.8.4/../../../../arm-none-eabi/lib/armv7e-m/fpu\libstdc++_s.a(eh_type.o)
                0x000187e8                __cxa_current_exception_type
 .text._ZSt19__throw_logic_errorPKc
                0x00018802        0x6 c:/freescale/kds_v3/toolchain/bin/../lib/gcc/arm-none-eabi/4.8.4/../../../../arm-none-eabi/lib/armv7e-m/fpu\libstdc++_s.a(functexcept.o)
                0x00018802                std::__throw_logic_error(char const*)
 .text._ZSt20__throw_length_errorPKc
                0x00018808        0x6 c:/freescale/kds_v3/toolchain/bin/../lib/gcc/arm-none-eabi/4.8.4/../../../../arm-none-eabi/lib/armv7e-m/fpu\libstdc++_s.a(functexcept.o)
                0x00018808                std::__throw_length_error(char const*)
 *fill*         0x0001880e        0x2 
 .text.__cxa_get_globals
                0x00018810        0x8 c:/freescale/kds_v3/toolchain/bin/../lib/gcc/arm-none-eabi/4.8.4/../../../../arm-none-eabi/lib/armv7e-m/fpu\libstdc++_s.a(eh_globals.o)
                0x00018810                __cxa_get_globals
 .text.abort    0x00018818        0xe c:/freescale/kds_v3/toolchain/bin/../lib/gcc/arm-none-eabi/4.8.4/../../../../arm-none-eabi/lib/armv7e-m/fpu\libg_s.a(lib_a-abort.o)
                0x00018818                abort
 *fill*         0x00018826        0x2 
 .text.exit     0x00018828       0x28 c:/freescale/kds_v3/toolchain/bin/../lib/gcc/arm-none-eabi/4.8.4/../../../../arm-none-eabi/lib/armv7e-m/fpu\libg_s.a(lib_a-exit.o)
                0x00018828                exit
 .text._fputs_r
                0x00018850       0xa8 c:/freescale/kds_v3/toolchain/bin/../lib/gcc/arm-none-eabi/4.8.4/../../../../arm-none-eabi/lib/armv7e-m/fpu\libg_s.a(lib_a-fputs.o)
                0x00018850                _fputs_r
 .text.fputs    0x000188f8       0x14 c:/freescale/kds_v3/toolchain/bin/../lib/gcc/arm-none-eabi/4.8.4/../../../../arm-none-eabi/lib/armv7e-m/fpu\libg_s.a(lib_a-fputs.o)
                0x000188f8                fputs
 .text.__libc_init_array
                0x0001890c       0x4c c:/freescale/kds_v3/toolchain/bin/../lib/gcc/arm-none-eabi/4.8.4/../../../../arm-none-eabi/lib/armv7e-m/fpu\libg_s.a(lib_a-init.o)
                0x0001890c                __libc_init_array
 .text.malloc   0x00018958       0x10 c:/freescale/kds_v3/toolchain/bin/../lib/gcc/arm-none-eabi/4.8.4/../../../../arm-none-eabi/lib/armv7e-m/fpu\libg_s.a(lib_a-malloc.o)
                0x00018958                malloc
 .text.free     0x00018968       0x10 c:/freescale/kds_v3/toolchain/bin/../lib/gcc/arm-none-eabi/4.8.4/../../../../arm-none-eabi/lib/armv7e-m/fpu\libg_s.a(lib_a-malloc.o)
                0x00018968                free
 .text.memchr   0x00018978       0x1e c:/freescale/kds_v3/toolchain/bin/../lib/gcc/arm-none-eabi/4.8.4/../../../../arm-none-eabi/lib/armv7e-m/fpu\libg_s.a(lib_a-memchr-stub.o)
                0x00018978                memchr
 .text.memcmp   0x00018996       0x1e c:/freescale/kds_v3/toolchain/bin/../lib/gcc/arm-none-eabi/4.8.4/../../../../arm-none-eabi/lib/armv7e-m/fpu\libg_s.a(lib_a-memcmp.o)
                0x00018996                memcmp
 .text.memcpy   0x000189b4       0x12 c:/freescale/kds_v3/toolchain/bin/../lib/gcc/arm-none-eabi/4.8.4/../../../../arm-none-eabi/lib/armv7e-m/fpu\libg_s.a(lib_a-memcpy-stub.o)
                0x000189b4                memcpy
 .text.memmove  0x000189c6       0x36 c:/freescale/kds_v3/toolchain/bin/../lib/gcc/arm-none-eabi/4.8.4/../../../../arm-none-eabi/lib/armv7e-m/fpu\libg_s.a(lib_a-memmove.o)
                0x000189c6                memmove
 .text.memset   0x000189fc       0x10 c:/freescale/kds_v3/toolchain/bin/../lib/gcc/arm-none-eabi/4.8.4/../../../../arm-none-eabi/lib/armv7e-m/fpu\libg_s.a(lib_a-memset.o)
                0x000189fc                memset
 .text._free_r  0x00018a0c       0x88 c:/freescale/kds_v3/toolchain/bin/../lib/gcc/arm-none-eabi/4.8.4/../../../../arm-none-eabi/lib/armv7e-m/fpu\libg_s.a(lib_a-nano-freer.o)
                0x00018a0c                _free_r
 .text._malloc_r
                0x00018a94       0xa8 c:/freescale/kds_v3/toolchain/bin/../lib/gcc/arm-none-eabi/4.8.4/../../../../arm-none-eabi/lib/armv7e-m/fpu\libg_s.a(lib_a-nano-mallocr.o)
                0x00018a94                _malloc_r
 .text.realloc  0x00018b3c       0x14 c:/freescale/kds_v3/toolchain/bin/../lib/gcc/arm-none-eabi/4.8.4/../../../../arm-none-eabi/lib/armv7e-m/fpu\libg_s.a(lib_a-realloc.o)
                0x00018b3c                realloc
 .text._sbrk_r  0x00018b50       0x20 c:/freescale/kds_v3/toolchain/bin/../lib/gcc/arm-none-eabi/4.8.4/../../../../arm-none-eabi/lib/armv7e-m/fpu\libg_s.a(lib_a-sbrkr.o)
                0x00018b50                _sbrk_r
 .text._raise_r
                0x00018b70       0x50 c:/freescale/kds_v3/toolchain/bin/../lib/gcc/arm-none-eabi/4.8.4/../../../../arm-none-eabi/lib/armv7e-m/fpu\libg_s.a(lib_a-signal.o)
                0x00018b70                _raise_r
 .text.raise    0x00018bc0       0x10 c:/freescale/kds_v3/toolchain/bin/../lib/gcc/arm-none-eabi/4.8.4/../../../../arm-none-eabi/lib/armv7e-m/fpu\libg_s.a(lib_a-signal.o)
                0x00018bc0                raise
 .text._kill_r  0x00018bd0       0x24 c:/freescale/kds_v3/toolchain/bin/../lib/gcc/arm-none-eabi/4.8.4/../../../../arm-none-eabi/lib/armv7e-m/fpu\libg_s.a(lib_a-signalr.o)
                0x00018bd0                _kill_r
 .text._getpid_r
                0x00018bf4        0x4 c:/freescale/kds_v3/toolchain/bin/../lib/gcc/arm-none-eabi/4.8.4/../../../../arm-none-eabi/lib/armv7e-m/fpu\libg_s.a(lib_a-signalr.o)
                0x00018bf4                _getpid_r
 .text.sprintf  0x00018bf8       0x48 c:/freescale/kds_v3/toolchain/bin/../lib/gcc/arm-none-eabi/4.8.4/../../../../arm-none-eabi/lib/armv7e-m/fpu\libg_s.a(lib_a-sprintf.o)
                0x00018bf8                siprintf
                0x00018bf8                sprintf
 .text.strlen   0x00018c40       0x10 c:/freescale/kds_v3/toolchain/bin/../lib/gcc/arm-none-eabi/4.8.4/../../../../arm-none-eabi/lib/armv7e-m/fpu\libg_s.a(lib_a-strlen.o)
                0x00018c40                strlen
 .text.strncmp  0x00018c50       0x2e c:/freescale/kds_v3/toolchain/bin/../lib/gcc/arm-none-eabi/4.8.4/../../../../arm-none-eabi/lib/armv7e-m/fpu\libg_s.a(lib_a-strncmp.o)
                0x00018c50                strncmp
 .text.__ssputs_r
                0x00018c7e       0xb8 c:/freescale/kds_v3/toolchain/bin/../lib/gcc/arm-none-eabi/4.8.4/../../../../arm-none-eabi/lib/armv7e-m/fpu\libg_s.a(lib_a-svfprintf.o)
                0x00018c7e                __ssputs_r
 *fill*         0x00018d36        0x2 
 .text._svfprintf_r
                0x00018d38      0x1dc c:/freescale/kds_v3/toolchain/bin/../lib/gcc/arm-none-eabi/4.8.4/../../../../arm-none-eabi/lib/armv7e-m/fpu\libg_s.a(lib_a-svfprintf.o)
                0x00018d38                _svfiprintf_r
                0x00018d38                _svfprintf_r
 .text.write    0x00018f14       0x1c c:/freescale/kds_v3/toolchain/bin/../lib/gcc/arm-none-eabi/4.8.4/../../../../arm-none-eabi/lib/armv7e-m/fpu\libg_s.a(lib_a-syswrite.o)
                0x00018f14                write
 .text._printf_common
                0x00018f30       0xe4 c:/freescale/kds_v3/toolchain/bin/../lib/gcc/arm-none-eabi/4.8.4/../../../../arm-none-eabi/lib/armv7e-m/fpu\libg_s.a(lib_a-vfprintf_i.o)
                0x00018f30                _printf_common
 .text._printf_i
                0x00019014      0x228 c:/freescale/kds_v3/toolchain/bin/../lib/gcc/arm-none-eabi/4.8.4/../../../../arm-none-eabi/lib/armv7e-m/fpu\libg_s.a(lib_a-vfprintf_i.o)
                0x00019014                _printf_i
 .text._vsnprintf_r
                0x0001923c       0x52 c:/freescale/kds_v3/toolchain/bin/../lib/gcc/arm-none-eabi/4.8.4/../../../../arm-none-eabi/lib/armv7e-m/fpu\libg_s.a(lib_a-vsnprintf.o)
                0x0001923c                _vsniprintf_r
                0x0001923c                _vsnprintf_r
 *fill*         0x0001928e        0x2 
 .text.vsnprintf
                0x00019290       0x20 c:/freescale/kds_v3/toolchain/bin/../lib/gcc/arm-none-eabi/4.8.4/../../../../arm-none-eabi/lib/armv7e-m/fpu\libg_s.a(lib_a-vsnprintf.o)
                0x00019290                vsniprintf
                0x00019290                vsnprintf
 .text.__swbuf_r
                0x000192b0       0xa8 c:/freescale/kds_v3/toolchain/bin/../lib/gcc/arm-none-eabi/4.8.4/../../../../arm-none-eabi/lib/armv7e-m/fpu\libg_s.a(lib_a-wbuf.o)
                0x000192b0                __swbuf_r
 .text._write_r
                0x00019358       0x24 c:/freescale/kds_v3/toolchain/bin/../lib/gcc/arm-none-eabi/4.8.4/../../../../arm-none-eabi/lib/armv7e-m/fpu\libg_s.a(lib_a-writer.o)
                0x00019358                _write_r
 .text.__swsetup_r
                0x0001937c       0xdc c:/freescale/kds_v3/toolchain/bin/../lib/gcc/arm-none-eabi/4.8.4/../../../../arm-none-eabi/lib/armv7e-m/fpu\libg_s.a(lib_a-wsetup.o)
                0x0001937c                __swsetup_r
 .text.__sflush_r
                0x00019458      0x106 c:/freescale/kds_v3/toolchain/bin/../lib/gcc/arm-none-eabi/4.8.4/../../../../arm-none-eabi/lib/armv7e-m/fpu\libg_s.a(lib_a-fflush.o)
                0x00019458                __sflush_r
 *fill*         0x0001955e        0x2 
 .text._fflush_r
                0x00019560       0x54 c:/freescale/kds_v3/toolchain/bin/../lib/gcc/arm-none-eabi/4.8.4/../../../../arm-none-eabi/lib/armv7e-m/fpu\libg_s.a(lib_a-fflush.o)
                0x00019560                _fflush_r
 .text._cleanup_r
                0x000195b4       0x32 c:/freescale/kds_v3/toolchain/bin/../lib/gcc/arm-none-eabi/4.8.4/../../../../arm-none-eabi/lib/armv7e-m/fpu\libg_s.a(lib_a-findfp.o)
                0x000195b4                _cleanup_r
 *fill*         0x000195e6        0x2 
 .text.std.isra.0
                0x000195e8       0x48 c:/freescale/kds_v3/toolchain/bin/../lib/gcc/arm-none-eabi/4.8.4/../../../../arm-none-eabi/lib/armv7e-m/fpu\libg_s.a(lib_a-findfp.o)
 .text.__sfmoreglue
                0x00019630       0x2c c:/freescale/kds_v3/toolchain/bin/../lib/gcc/arm-none-eabi/4.8.4/../../../../arm-none-eabi/lib/armv7e-m/fpu\libg_s.a(lib_a-findfp.o)
                0x00019630                __sfmoreglue
 .text.__sinit  0x0001965c       0x60 c:/freescale/kds_v3/toolchain/bin/../lib/gcc/arm-none-eabi/4.8.4/../../../../arm-none-eabi/lib/armv7e-m/fpu\libg_s.a(lib_a-findfp.o)
                0x0001965c                __sinit
 .text.__sfp    0x000196bc       0x74 c:/freescale/kds_v3/toolchain/bin/../lib/gcc/arm-none-eabi/4.8.4/../../../../arm-none-eabi/lib/armv7e-m/fpu\libg_s.a(lib_a-findfp.o)
                0x000196bc                __sfp
 .text.__smakebuf_r
                0x00019730       0x9c c:/freescale/kds_v3/toolchain/bin/../lib/gcc/arm-none-eabi/4.8.4/../../../../arm-none-eabi/lib/armv7e-m/fpu\libg_s.a(lib_a-makebuf.o)
                0x00019730                __smakebuf_r
 .text._realloc_r
                0x000197cc       0x4c c:/freescale/kds_v3/toolchain/bin/../lib/gcc/arm-none-eabi/4.8.4/../../../../arm-none-eabi/lib/armv7e-m/fpu\libg_s.a(lib_a-nano-reallocr.o)
                0x000197cc                _realloc_r
 .text.__sread  0x00019818       0x22 c:/freescale/kds_v3/toolchain/bin/../lib/gcc/arm-none-eabi/4.8.4/../../../../arm-none-eabi/lib/armv7e-m/fpu\libg_s.a(lib_a-stdio.o)
                0x00019818                __sread
 .text.__swrite
                0x0001983a       0x38 c:/freescale/kds_v3/toolchain/bin/../lib/gcc/arm-none-eabi/4.8.4/../../../../arm-none-eabi/lib/armv7e-m/fpu\libg_s.a(lib_a-stdio.o)
                0x0001983a                __swrite
 .text.__sseek  0x00019872       0x24 c:/freescale/kds_v3/toolchain/bin/../lib/gcc/arm-none-eabi/4.8.4/../../../../arm-none-eabi/lib/armv7e-m/fpu\libg_s.a(lib_a-stdio.o)
                0x00019872                __sseek
 .text.__sclose
                0x00019896        0x8 c:/freescale/kds_v3/toolchain/bin/../lib/gcc/arm-none-eabi/4.8.4/../../../../arm-none-eabi/lib/armv7e-m/fpu\libg_s.a(lib_a-stdio.o)
                0x00019896                __sclose
 *fill*         0x0001989e        0x2 
 .text._close_r
                0x000198a0       0x20 c:/freescale/kds_v3/toolchain/bin/../lib/gcc/arm-none-eabi/4.8.4/../../../../arm-none-eabi/lib/armv7e-m/fpu\libg_s.a(lib_a-closer.o)
                0x000198a0                _close_r
 .text._fstat_r
                0x000198c0       0x24 c:/freescale/kds_v3/toolchain/bin/../lib/gcc/arm-none-eabi/4.8.4/../../../../arm-none-eabi/lib/armv7e-m/fpu\libg_s.a(lib_a-fstatr.o)
                0x000198c0                _fstat_r
 .text._isatty_r
                0x000198e4       0x20 c:/freescale/kds_v3/toolchain/bin/../lib/gcc/arm-none-eabi/4.8.4/../../../../arm-none-eabi/lib/armv7e-m/fpu\libg_s.a(lib_a-isattyr.o)
                0x000198e4                _isatty_r
 .text._lseek_r
                0x00019904       0x24 c:/freescale/kds_v3/toolchain/bin/../lib/gcc/arm-none-eabi/4.8.4/../../../../arm-none-eabi/lib/armv7e-m/fpu\libg_s.a(lib_a-lseekr.o)
                0x00019904                _lseek_r
 .text._malloc_usable_size_r
                0x00019928       0x12 c:/freescale/kds_v3/toolchain/bin/../lib/gcc/arm-none-eabi/4.8.4/../../../../arm-none-eabi/lib/armv7e-m/fpu\libg_s.a(lib_a-nano-msizer.o)
                0x00019928                _malloc_usable_size_r
 *fill*         0x0001993a        0x2 
 .text._read_r  0x0001993c       0x24 c:/freescale/kds_v3/toolchain/bin/../lib/gcc/arm-none-eabi/4.8.4/../../../../arm-none-eabi/lib/armv7e-m/fpu\libg_s.a(lib_a-readr.o)
                0x0001993c                _read_r
 .text._close   0x00019960       0x10 c:/freescale/kds_v3/toolchain/bin/../lib/gcc/arm-none-eabi/4.8.4/../../../../arm-none-eabi/lib/armv7e-m/fpu\libnosys.a(close.o)
                0x00019960                _close
 .text._fstat   0x00019970       0x10 c:/freescale/kds_v3/toolchain/bin/../lib/gcc/arm-none-eabi/4.8.4/../../../../arm-none-eabi/lib/armv7e-m/fpu\libnosys.a(fstat.o)
                0x00019970                _fstat
 .text._getpid  0x00019980       0x10 c:/freescale/kds_v3/toolchain/bin/../lib/gcc/arm-none-eabi/4.8.4/../../../../arm-none-eabi/lib/armv7e-m/fpu\libnosys.a(getpid.o)
                0x00019980                _getpid
 .text._isatty  0x00019990       0x10 c:/freescale/kds_v3/toolchain/bin/../lib/gcc/arm-none-eabi/4.8.4/../../../../arm-none-eabi/lib/armv7e-m/fpu\libnosys.a(isatty.o)
                0x00019990                _isatty
 .text._kill    0x000199a0       0x10 c:/freescale/kds_v3/toolchain/bin/../lib/gcc/arm-none-eabi/4.8.4/../../../../arm-none-eabi/lib/armv7e-m/fpu\libnosys.a(kill.o)
                0x000199a0                _kill
 .text._lseek   0x000199b0       0x10 c:/freescale/kds_v3/toolchain/bin/../lib/gcc/arm-none-eabi/4.8.4/../../../../arm-none-eabi/lib/armv7e-m/fpu\libnosys.a(lseek.o)
                0x000199b0                _lseek
 .text._read    0x000199c0       0x10 c:/freescale/kds_v3/toolchain/bin/../lib/gcc/arm-none-eabi/4.8.4/../../../../arm-none-eabi/lib/armv7e-m/fpu\libnosys.a(read.o)
                0x000199c0                _read
 .text._sbrk    0x000199d0       0x34 c:/freescale/kds_v3/toolchain/bin/../lib/gcc/arm-none-eabi/4.8.4/../../../../arm-none-eabi/lib/armv7e-m/fpu\libnosys.a(sbrk.o)
                0x000199d0                _sbrk
 .text._write   0x00019a04       0x10 c:/freescale/kds_v3/toolchain/bin/../lib/gcc/arm-none-eabi/4.8.4/../../../../arm-none-eabi/lib/armv7e-m/fpu\libnosys.a(write.o)
                0x00019a04                _write
 .text._exit    0x00019a14        0x4 c:/freescale/kds_v3/toolchain/bin/../lib/gcc/arm-none-eabi/4.8.4/../../../../arm-none-eabi/lib/armv7e-m/fpu\libnosys.a(_exit.o)
                0x00019a14                _exit
 *(.rodata)
 .rodata        0x00019a18        0x8 ./OculusHub_Src/oculushub.o
 .rodata        0x00019a20      0x738 c:/freescale/kds_v3/toolchain/bin/../lib/gcc/arm-none-eabi/4.8.4/../../../../arm-none-eabi/lib/armv7e-m/fpu\libstdc++_s.a(cp-demangle.o)
 *(.rodata*)
 .rodata._ZTV14COculusHubMain
                0x0001a158       0x28 ./src/oculushub_main.o
                0x0001a158                vtable for COculusHubMain
 .rodata.str1.4
                0x0001a180       0xcf ./src/oculushub_main.o
                                 0xd0 (size before relaxing)
 *fill*         0x0001a24f        0x1 
 .rodata._ZTV10CDelegate1IvP22TFlashProgActionParamsE
                0x0001a250       0x18 ./OculusHub_Src/oculushub.o
                0x0001a250                vtable for CDelegate1<void, TFlashProgActionParams*>
 .rodata._ZTV16CDelegateMethod1I10COculusHubvP22TFlashProgActionParamsE
                0x0001a268       0x18 ./OculusHub_Src/oculushub.o
                0x0001a268                vtable for CDelegateMethod1<COculusHub, void, TFlashProgActionParams*>
 .rodata.str1.4
                0x0001a280       0x31 ./OculusHub_Src/oculushub.o
                                 0x38 (size before relaxing)
 *fill*         0x0001a2b1        0x7 
 .rodata._ZTV10COculusHub
                0x0001a2b8       0x28 ./OculusHub_Src/oculushub.o
                0x0001a2b8                vtable for COculusHub
 .rodata._ZTV8CComUart
                0x0001a2e0       0x38 ./BpDevices_Src/com_uart.o
                0x0001a2e0                vtable for CComUart
 .rodata._ZTV6CFlash
                0x0001a318       0x10 ./BpDevices_Src/flash.o
                0x0001a318                vtable for CFlash
 .rodata._ZTV10CTickTimer
                0x0001a328       0x10 ./BpApplication_Src/ticktimer.o
                0x0001a328                vtable for CTickTimer
 .rodata.str1.1
                0x0001a338       0x3b c:/freescale/kds_v3/toolchain/bin/../lib/gcc/arm-none-eabi/4.8.4/../../../../arm-none-eabi/lib/armv7e-m/fpu\libstdc++_s.a(pure.o)
 .rodata.str1.1
                0x0001a373      0x147 c:/freescale/kds_v3/toolchain/bin/../lib/gcc/arm-none-eabi/4.8.4/../../../../arm-none-eabi/lib/armv7e-m/fpu\libstdc++_s.a(string-inst.o)
 .rodata.str1.1
                0x0001a4ba       0x80 c:/freescale/kds_v3/toolchain/bin/../lib/gcc/arm-none-eabi/4.8.4/../../../../arm-none-eabi/lib/armv7e-m/fpu\libstdc++_s.a(vterminate.o)
 *fill*         0x0001a53a        0x2 
 .rodata.str1.4
                0x0001a53c      0x7f4 c:/freescale/kds_v3/toolchain/bin/../lib/gcc/arm-none-eabi/4.8.4/../../../../arm-none-eabi/lib/armv7e-m/fpu\libstdc++_s.a(cp-demangle.o)
                                0x840 (size before relaxing)
 .rodata.str1.1
                0x0001ad30        0x2 c:/freescale/kds_v3/toolchain/bin/../lib/gcc/arm-none-eabi/4.8.4/../../../../arm-none-eabi/lib/armv7e-m/fpu\libg_s.a(lib_a-impure.o)
 *fill*         0x0001ad32        0x2 
 .rodata._global_impure_ptr
                0x0001ad34        0x4 c:/freescale/kds_v3/toolchain/bin/../lib/gcc/arm-none-eabi/4.8.4/../../../../arm-none-eabi/lib/armv7e-m/fpu\libg_s.a(lib_a-impure.o)
                0x0001ad34                _global_impure_ptr
 .rodata.str1.1
                0x0001ad38       0x11 c:/freescale/kds_v3/toolchain/bin/../lib/gcc/arm-none-eabi/4.8.4/../../../../arm-none-eabi/lib/armv7e-m/fpu\libg_s.a(lib_a-svfprintf.o)
 .rodata.str1.1
                0x0001ad49       0x22 c:/freescale/kds_v3/toolchain/bin/../lib/gcc/arm-none-eabi/4.8.4/../../../../arm-none-eabi/lib/armv7e-m/fpu\libg_s.a(lib_a-vfprintf_i.o)
 *fill*         0x0001ad6b        0x1 
 .rodata.__sf_fake_stdin
                0x0001ad6c       0x20 c:/freescale/kds_v3/toolchain/bin/../lib/gcc/arm-none-eabi/4.8.4/../../../../arm-none-eabi/lib/armv7e-m/fpu\libg_s.a(lib_a-findfp.o)
                0x0001ad6c                __sf_fake_stdin
 .rodata.__sf_fake_stdout
                0x0001ad8c       0x20 c:/freescale/kds_v3/toolchain/bin/../lib/gcc/arm-none-eabi/4.8.4/../../../../arm-none-eabi/lib/armv7e-m/fpu\libg_s.a(lib_a-findfp.o)
                0x0001ad8c                __sf_fake_stdout
 .rodata.__sf_fake_stderr
                0x0001adac       0x20 c:/freescale/kds_v3/toolchain/bin/../lib/gcc/arm-none-eabi/4.8.4/../../../../arm-none-eabi/lib/armv7e-m/fpu\libg_s.a(lib_a-findfp.o)
                0x0001adac                __sf_fake_stderr
 *(.glue_7)
 .glue_7        0x00000000        0x0 linker stubs
 *(.glue_7t)
 .glue_7t       0x00000000        0x0 linker stubs
 *(.eh_frame)
 .eh_frame      0x0001adcc        0x0 c:/freescale/kds_v3/toolchain/bin/../lib/gcc/arm-none-eabi/4.8.4/armv7e-m/fpu/crtbegin.o
 *(.init)
 .init          0x0001adcc        0x4 c:/freescale/kds_v3/toolchain/bin/../lib/gcc/arm-none-eabi/4.8.4/armv7e-m/fpu/crti.o
                0x0001adcc                _init
 .init          0x0001add0        0x8 c:/freescale/kds_v3/toolchain/bin/../lib/gcc/arm-none-eabi/4.8.4/armv7e-m/fpu/crtn.o
 *(.fini)
 .fini          0x0001add8        0x4 c:/freescale/kds_v3/toolchain/bin/../lib/gcc/arm-none-eabi/4.8.4/armv7e-m/fpu/crti.o
                0x0001add8                _fini
 .fini          0x0001addc        0x8 c:/freescale/kds_v3/toolchain/bin/../lib/gcc/arm-none-eabi/4.8.4/armv7e-m/fpu/crtn.o
                0x0001ade4                . = ALIGN (0x4)
                0x0001ade4                _etext = .

.vfp11_veneer   0x0001ade4        0x0
 .vfp11_veneer  0x00000000        0x0 linker stubs

.v4_bx          0x0001ade4        0x0
 .v4_bx         0x00000000        0x0 linker stubs

.iplt           0x0001ade4        0x0
 .iplt          0x00000000        0x0 c:/freescale/kds_v3/toolchain/bin/../lib/gcc/arm-none-eabi/4.8.4/armv7e-m/fpu/crtbegin.o

.ARM.extab
 *(.ARM.extab* .gnu.linkonce.armextab.*)

.ARM            0x0001ade4        0x8
                0x0001ade4                __exidx_start = .
 *(.ARM.exidx*)
 .ARM.exidx     0x0001ade4        0x8 c:/freescale/kds_v3/toolchain/bin/../lib/gcc/arm-none-eabi/4.8.4/../../../../arm-none-eabi/lib/armv7e-m/fpu/crt0.o
                0x0001adec                __exidx_end = .

.rel.dyn        0x0001adec        0x0
 .rel.iplt      0x00000000        0x0 c:/freescale/kds_v3/toolchain/bin/../lib/gcc/arm-none-eabi/4.8.4/armv7e-m/fpu/crtbegin.o

.ctors          0x0001adec        0x0
                0x0001adec                __CTOR_LIST__ = .
 *crtbegin.o(.ctors)
 *(EXCLUDE_FILE(*crtend.o) .ctors)
 *(SORT(.ctors.*))
 *(.ctors)
                0x0001adec                __CTOR_END__ = .

.dtors          0x0001adec        0x0
                0x0001adec                __DTOR_LIST__ = .
 *crtbegin.o(.dtors)
 *(EXCLUDE_FILE(*crtend.o) .dtors)
 *(SORT(.dtors.*))
 *(.dtors)
                0x0001adec                __DTOR_END__ = .

.preinit_array  0x0001adec        0x0
                0x0001adec                PROVIDE (__preinit_array_start, .)
 *(.preinit_array*)
                0x0001adec                PROVIDE (__preinit_array_end, .)

.init_array     0x0001adec        0x4
                0x0001adec                PROVIDE (__init_array_start, .)
 *(SORT(.init_array.*))
 *(.init_array*)
 .init_array    0x0001adec        0x4 c:/freescale/kds_v3/toolchain/bin/../lib/gcc/arm-none-eabi/4.8.4/armv7e-m/fpu/crtbegin.o
                0x0001adf0                PROVIDE (__init_array_end, .)

.fini_array     0x0001adf0        0x4
                0x0001adf0                PROVIDE (__fini_array_start, .)
 *(SORT(.fini_array.*))
 *(.fini_array*)
 .fini_array    0x0001adf0        0x4 c:/freescale/kds_v3/toolchain/bin/../lib/gcc/arm-none-eabi/4.8.4/armv7e-m/fpu/crtbegin.o
                0x0001adf4                PROVIDE (__fini_array_end, .)
                0x0001adf4                ___ROM_AT = .

.data           0x1fff0000       0xa0 load address 0x0001adf4
                0x1fff0000                . = ALIGN (0x4)
                0x1fff0000                _sdata = .
 *(.data)
 .data          0x1fff0000       0x38 ./BpDevices_Src/flash.o
                0x1fff0000                CFlash::ExecuteCmdRam(FTFE_Type*)
 *(.data*)
 .data._ZN10__cxxabiv119__terminate_handlerE
                0x1fff0038        0x4 c:/freescale/kds_v3/toolchain/bin/../lib/gcc/arm-none-eabi/4.8.4/../../../../arm-none-eabi/lib/armv7e-m/fpu\libstdc++_s.a(eh_term_handler.o)
                0x1fff0038                __cxxabiv1::__terminate_handler
 .data.impure_data
                0x1fff003c       0x60 c:/freescale/kds_v3/toolchain/bin/../lib/gcc/arm-none-eabi/4.8.4/../../../../arm-none-eabi/lib/armv7e-m/fpu\libg_s.a(lib_a-impure.o)
 .data._impure_ptr
                0x1fff009c        0x4 c:/freescale/kds_v3/toolchain/bin/../lib/gcc/arm-none-eabi/4.8.4/../../../../arm-none-eabi/lib/armv7e-m/fpu\libg_s.a(lib_a-impure.o)
                0x1fff009c                _impure_ptr
                0x1fff00a0                . = ALIGN (0x4)
                0x1fff00a0                _edata = .
                0x000000a0                ___data_size = (_edata - _sdata)
                0x0001ae94                ___m_data_20000000_ROMStart = (___ROM_AT + SIZEOF (.data))

.jcr            0x1fff00a0        0x0 load address 0x0001ae94
 .jcr           0x1fff00a0        0x0 c:/freescale/kds_v3/toolchain/bin/../lib/gcc/arm-none-eabi/4.8.4/armv7e-m/fpu/crtbegin.o

.igot.plt       0x1fff00a0        0x0 load address 0x0001ae94
 .igot.plt      0x00000000        0x0 c:/freescale/kds_v3/toolchain/bin/../lib/gcc/arm-none-eabi/4.8.4/armv7e-m/fpu/crtbegin.o

.m_data_20000000
                0x20000000        0x0 load address 0x0001ae94
                0x20000000                . = ALIGN (0x4)
                0x20000000                ___m_data_20000000_RAMStart = .
 *(.m_data_20000000)
                0x20000000                ___m_data_20000000_RAMEnd = .
                0x20000000                . = ALIGN (0x4)
                0x00000000                ___m_data_20000000_ROMSize = (___m_data_20000000_RAMEnd - ___m_data_20000000_RAMStart)
                0x20000000                . = ALIGN (0x4)

.bss            0x1fff00a0      0x2ac load address 0x0001ae98
                0x1fff00a0                __START_BSS = .
                0x1fff00a0                PROVIDE (__bss_start__, __START_BSS)
 *(.bss)
 .bss           0x1fff00a0       0x1c c:/freescale/kds_v3/toolchain/bin/../lib/gcc/arm-none-eabi/4.8.4/armv7e-m/fpu/crtbegin.o
 *(.bss*)
 .bss._ZN4CCom8TerminalE
                0x1fff00bc        0x4 ./BpDevices_Src/com.o
                0x1fff00bc                CCom::Terminal
 .bss._ZN8CComUart4UartE
                0x1fff00c0       0x18 ./BpDevices_Src/com_uart.o
                0x1fff00c0                CComUart::Uart
 .bss._ZN4CMcg12ClkFlashFreqE
                0x1fff00d8        0x4 ./BpDevices_Src/mcg.o
                0x1fff00d8                CMcg::ClkFlashFreq
 .bss._ZN4CMcg13ClkIntBusFreqE
                0x1fff00dc        0x4 ./BpDevices_Src/mcg.o
                0x1fff00dc                CMcg::ClkIntBusFreq
 .bss._ZN4CMcg14ClkFlexBusFreqE
                0x1fff00e0        0x4 ./BpDevices_Src/mcg.o
                0x1fff00e0                CMcg::ClkFlexBusFreq
 .bss._ZN4CMcg6ConfigE
                0x1fff00e4       0x14 ./BpDevices_Src/mcg.o
                0x1fff00e4                CMcg::Config
 .bss._ZN4CMcg10ClkSysFreqE
                0x1fff00f8        0x4 ./BpDevices_Src/mcg.o
                0x1fff00f8                CMcg::ClkSysFreq
 *fill*         0x1fff00fc        0x4 
 .bss._ZN8CSysTick13_clkFrequencyE
                0x1fff0100        0x8 ./BpDevices_Src/systick.o
                0x1fff0100                CSysTick::_clkFrequency
 .bss._ZN8CSysTick9_clkTicksE
                0x1fff0108        0x8 ./BpDevices_Src/systick.o
                0x1fff0108                CSysTick::_clkTicks
 .bss._ZN6CCrc164_lutE
                0x1fff0110      0x200 ./BpClasses_Src/crc16.o
                0x1fff0110                CCrc16::_lut
 .bss.g_irqLockCnt
                0x1fff0310        0x1 ./BpClasses_Src/macros.o
                0x1fff0310                g_irqLockCnt
 *fill*         0x1fff0311        0x3 
 .bss._ZN4CApp11ApplicationE
                0x1fff0314        0x4 ./BpApplication_Src/app.o
                0x1fff0314                CApp::Application
 .bss.__new_handler
                0x1fff0318        0x4 c:/freescale/kds_v3/toolchain/bin/../lib/gcc/arm-none-eabi/4.8.4/../../../../arm-none-eabi/lib/armv7e-m/fpu\libstdc++_s.a(new_handler.o)
                0x1fff0318                __new_handler
 .bss._ZNSs4_Rep20_S_empty_rep_storageE
                0x1fff031c       0x10 c:/freescale/kds_v3/toolchain/bin/../lib/gcc/arm-none-eabi/4.8.4/../../../../arm-none-eabi/lib/armv7e-m/fpu\libstdc++_s.a(string-inst.o)
                0x1fff031c                std::string::_Rep::_S_empty_rep_storage
 .bss._ZZN9__gnu_cxx27__verbose_terminate_handlerEvE11terminating
                0x1fff032c        0x1 c:/freescale/kds_v3/toolchain/bin/../lib/gcc/arm-none-eabi/4.8.4/../../../../arm-none-eabi/lib/armv7e-m/fpu\libstdc++_s.a(vterminate.o)
 *fill*         0x1fff032d        0x3 
 .bss._ZL10eh_globals
                0x1fff0330        0xc c:/freescale/kds_v3/toolchain/bin/../lib/gcc/arm-none-eabi/4.8.4/../../../../arm-none-eabi/lib/armv7e-m/fpu\libstdc++_s.a(eh_globals.o)
 .bss.__malloc_sbrk_start
                0x1fff033c        0x4 c:/freescale/kds_v3/toolchain/bin/../lib/gcc/arm-none-eabi/4.8.4/../../../../arm-none-eabi/lib/armv7e-m/fpu\libg_s.a(lib_a-nano-mallocr.o)
                0x1fff033c                __malloc_sbrk_start
 .bss.__malloc_free_list
                0x1fff0340        0x4 c:/freescale/kds_v3/toolchain/bin/../lib/gcc/arm-none-eabi/4.8.4/../../../../arm-none-eabi/lib/armv7e-m/fpu\libg_s.a(lib_a-nano-mallocr.o)
                0x1fff0340                __malloc_free_list
 .bss.heap_end.4246
                0x1fff0344        0x4 c:/freescale/kds_v3/toolchain/bin/../lib/gcc/arm-none-eabi/4.8.4/../../../../arm-none-eabi/lib/armv7e-m/fpu\libnosys.a(sbrk.o)
 *(COMMON)
 COMMON         0x1fff0348        0x4 c:/freescale/kds_v3/toolchain/bin/../lib/gcc/arm-none-eabi/4.8.4/../../../../arm-none-eabi/lib/armv7e-m/fpu\libg_s.a(lib_a-reent.o)
                0x1fff0348                errno
                0x1fff034c                . = ALIGN (0x4)
                0x1fff034c                __END_BSS = .
                0x1fff034c                PROVIDE (__bss_end__, __END_BSS)
                0x0001ae94                _romp_at = ((___ROM_AT + SIZEOF (.data)) + SIZEOF (.m_data_20000000))

.romp           0x1fff034c       0x24 load address 0x0001ae94
                0x0001ae94                __S_romp = _romp_at
                0x1fff034c        0x4 LONG 0x1adf4 ___ROM_AT
                0x1fff0350        0x4 LONG 0x1fff0000 _sdata
                0x1fff0354        0x4 LONG 0xa0 ___data_size
                0x1fff0358        0x4 LONG 0x1ae94 ___m_data_20000000_ROMStart
                0x1fff035c        0x4 LONG 0x20000000 ___m_data_20000000_RAMStart
                0x1fff0360        0x4 LONG 0x0 ___m_data_20000000_ROMSize
                0x1fff0364        0x4 LONG 0x0
                0x1fff0368        0x4 LONG 0x0
                0x1fff036c        0x4 LONG 0x0
                0x00080000                text_end = (ORIGIN (m_text) + 0x6fbf0)
                0x0001aeb8                data_init_end = ((___m_data_20000000_ROMStart + SIZEOF (.m_data_20000000)) + SIZEOF (.romp))
                0x00000001                ASSERT ((data_init_end <= text_end), region m_text overflowed with text and data)

._user_heap_stack
                0x1fff0370     0xb000 load address 0x0001aeb8
                0x1fff0370                . = ALIGN (0x4)
                0x1fff0370                PROVIDE (end, .)
                0x1fff0370                PROVIDE (_end, .)
                0x1fff0370                PROVIDE (__end__, .)
                0x1fff0370                __heap_addr = .
                0x1fff0370                __HeapBase = .
                0x1fffa370                . = (. + __heap_size)
 *fill*         0x1fff0370     0xa000 
                0x1fffa370                __HeapLimit = .
                0x1fffb370                . = (. + __stack_size)
 *fill*         0x1fffa370     0x1000 
                0x1fffb370                . = ALIGN (0x4)

.ARM.attributes
                0x00000000       0x30
 *(.ARM.attributes)
 .ARM.attributes
                0x00000000       0x22 c:/freescale/kds_v3/toolchain/bin/../lib/gcc/arm-none-eabi/4.8.4/armv7e-m/fpu/crti.o
 .ARM.attributes
                0x00000022       0x34 c:/freescale/kds_v3/toolchain/bin/../lib/gcc/arm-none-eabi/4.8.4/armv7e-m/fpu/crtbegin.o
 .ARM.attributes
                0x00000056       0x20 c:/freescale/kds_v3/toolchain/bin/../lib/gcc/arm-none-eabi/4.8.4/../../../../arm-none-eabi/lib/armv7e-m/fpu/crt0.o
 .ARM.attributes
                0x00000076       0x39 ./src/main.o
 .ARM.attributes
                0x000000af       0x39 ./src/oculushub_main.o
 .ARM.attributes
                0x000000e8       0x39 ./OculusHub_Src/cpu.o
 .ARM.attributes
                0x00000121       0x39 ./OculusHub_Src/oculushub.o
 .ARM.attributes
                0x0000015a       0x39 ./OculusHub_Src/startup.o
 .ARM.attributes
                0x00000193       0x39 ./BpDevices_Src/com.o
 .ARM.attributes
                0x000001cc       0x39 ./BpDevices_Src/com_uart.o
 .ARM.attributes
                0x00000205       0x39 ./BpDevices_Src/flash.o
 .ARM.attributes
                0x0000023e       0x39 ./BpDevices_Src/mcg.o
 .ARM.attributes
                0x00000277       0x39 ./BpDevices_Src/systick.o
 .ARM.attributes
                0x000002b0       0x39 ./BpClasses_Src/crc16.o
 .ARM.attributes
                0x000002e9       0x39 ./BpClasses_Src/macros.o
 .ARM.attributes
                0x00000322       0x39 ./BpApplication_Src/app.o
 .ARM.attributes
                0x0000035b       0x39 ./BpApplication_Src/flash_data.o
 .ARM.attributes
                0x00000394       0x39 ./BpApplication_Src/flash_prog.o
 .ARM.attributes
                0x000003cd       0x39 ./BpApplication_Src/ticktimer.o
 .ARM.attributes
                0x00000406       0x34 c:/freescale/kds_v3/toolchain/bin/../lib/gcc/arm-none-eabi/4.8.4/../../../../arm-none-eabi/lib/armv7e-m/fpu\libstdc++_s.a(new_op.o)
 .ARM.attributes
                0x0000043a       0x34 c:/freescale/kds_v3/toolchain/bin/../lib/gcc/arm-none-eabi/4.8.4/../../../../arm-none-eabi/lib/armv7e-m/fpu\libstdc++_s.a(del_op.o)
 .ARM.attributes
                0x0000046e       0x34 c:/freescale/kds_v3/toolchain/bin/../lib/gcc/arm-none-eabi/4.8.4/../../../../arm-none-eabi/lib/armv7e-m/fpu\libstdc++_s.a(new_handler.o)
 .ARM.attributes
                0x000004a2       0x34 c:/freescale/kds_v3/toolchain/bin/../lib/gcc/arm-none-eabi/4.8.4/../../../../arm-none-eabi/lib/armv7e-m/fpu\libstdc++_s.a(pure.o)
 .ARM.attributes
                0x000004d6       0x34 c:/freescale/kds_v3/toolchain/bin/../lib/gcc/arm-none-eabi/4.8.4/../../../../arm-none-eabi/lib/armv7e-m/fpu\libstdc++_s.a(string-inst.o)
 .ARM.attributes
                0x0000050a       0x34 c:/freescale/kds_v3/toolchain/bin/../lib/gcc/arm-none-eabi/4.8.4/../../../../arm-none-eabi/lib/armv7e-m/fpu\libstdc++_s.a(eh_terminate.o)
 .ARM.attributes
                0x0000053e       0x34 c:/freescale/kds_v3/toolchain/bin/../lib/gcc/arm-none-eabi/4.8.4/../../../../arm-none-eabi/lib/armv7e-m/fpu\libstdc++_s.a(eh_term_handler.o)
 .ARM.attributes
                0x00000572       0x34 c:/freescale/kds_v3/toolchain/bin/../lib/gcc/arm-none-eabi/4.8.4/../../../../arm-none-eabi/lib/armv7e-m/fpu\libstdc++_s.a(vterminate.o)
 .ARM.attributes
                0x000005a6       0x34 c:/freescale/kds_v3/toolchain/bin/../lib/gcc/arm-none-eabi/4.8.4/../../../../arm-none-eabi/lib/armv7e-m/fpu\libstdc++_s.a(eh_type.o)
 .ARM.attributes
                0x000005da       0x34 c:/freescale/kds_v3/toolchain/bin/../lib/gcc/arm-none-eabi/4.8.4/../../../../arm-none-eabi/lib/armv7e-m/fpu\libstdc++_s.a(functexcept.o)
 .ARM.attributes
                0x0000060e       0x34 c:/freescale/kds_v3/toolchain/bin/../lib/gcc/arm-none-eabi/4.8.4/../../../../arm-none-eabi/lib/armv7e-m/fpu\libstdc++_s.a(cp-demangle.o)
 .ARM.attributes
                0x00000642       0x34 c:/freescale/kds_v3/toolchain/bin/../lib/gcc/arm-none-eabi/4.8.4/../../../../arm-none-eabi/lib/armv7e-m/fpu\libstdc++_s.a(eh_globals.o)
 .ARM.attributes
                0x00000676       0x22 c:/freescale/kds_v3/toolchain/bin/../lib/gcc/arm-none-eabi/4.8.4/armv7e-m/fpu\libgcc.a(_arm_addsubdf3.o)
 .ARM.attributes
                0x00000698       0x22 c:/freescale/kds_v3/toolchain/bin/../lib/gcc/arm-none-eabi/4.8.4/armv7e-m/fpu\libgcc.a(_arm_muldivdf3.o)
 .ARM.attributes
                0x000006ba       0x22 c:/freescale/kds_v3/toolchain/bin/../lib/gcc/arm-none-eabi/4.8.4/armv7e-m/fpu\libgcc.a(_arm_cmpdf2.o)
 .ARM.attributes
                0x000006dc       0x22 c:/freescale/kds_v3/toolchain/bin/../lib/gcc/arm-none-eabi/4.8.4/armv7e-m/fpu\libgcc.a(_arm_fixdfsi.o)
 .ARM.attributes
                0x000006fe       0x22 c:/freescale/kds_v3/toolchain/bin/../lib/gcc/arm-none-eabi/4.8.4/armv7e-m/fpu\libgcc.a(_arm_fixunsdfsi.o)
 .ARM.attributes
                0x00000720       0x22 c:/freescale/kds_v3/toolchain/bin/../lib/gcc/arm-none-eabi/4.8.4/armv7e-m/fpu\libgcc.a(_arm_truncdfsf2.o)
 .ARM.attributes
                0x00000742       0x34 c:/freescale/kds_v3/toolchain/bin/../lib/gcc/arm-none-eabi/4.8.4/armv7e-m/fpu\libgcc.a(_fixsfdi.o)
 .ARM.attributes
                0x00000776       0x34 c:/freescale/kds_v3/toolchain/bin/../lib/gcc/arm-none-eabi/4.8.4/armv7e-m/fpu\libgcc.a(_fixdfdi.o)
 .ARM.attributes
                0x000007aa       0x34 c:/freescale/kds_v3/toolchain/bin/../lib/gcc/arm-none-eabi/4.8.4/armv7e-m/fpu\libgcc.a(_fixunssfdi.o)
 .ARM.attributes
                0x000007de       0x34 c:/freescale/kds_v3/toolchain/bin/../lib/gcc/arm-none-eabi/4.8.4/armv7e-m/fpu\libgcc.a(_fixunsdfdi.o)
 .ARM.attributes
                0x00000812       0x34 c:/freescale/kds_v3/toolchain/bin/../lib/gcc/arm-none-eabi/4.8.4/../../../../arm-none-eabi/lib/armv7e-m/fpu\libg_s.a(lib_a-abort.o)
 .ARM.attributes
                0x00000846       0x34 c:/freescale/kds_v3/toolchain/bin/../lib/gcc/arm-none-eabi/4.8.4/../../../../arm-none-eabi/lib/armv7e-m/fpu\libg_s.a(lib_a-exit.o)
 .ARM.attributes
                0x0000087a       0x34 c:/freescale/kds_v3/toolchain/bin/../lib/gcc/arm-none-eabi/4.8.4/../../../../arm-none-eabi/lib/armv7e-m/fpu\libg_s.a(lib_a-fputs.o)
 .ARM.attributes
                0x000008ae       0x34 c:/freescale/kds_v3/toolchain/bin/../lib/gcc/arm-none-eabi/4.8.4/../../../../arm-none-eabi/lib/armv7e-m/fpu\libg_s.a(lib_a-impure.o)
 .ARM.attributes
                0x000008e2       0x34 c:/freescale/kds_v3/toolchain/bin/../lib/gcc/arm-none-eabi/4.8.4/../../../../arm-none-eabi/lib/armv7e-m/fpu\libg_s.a(lib_a-init.o)
 .ARM.attributes
                0x00000916       0x34 c:/freescale/kds_v3/toolchain/bin/../lib/gcc/arm-none-eabi/4.8.4/../../../../arm-none-eabi/lib/armv7e-m/fpu\libg_s.a(lib_a-malloc.o)
 .ARM.attributes
                0x0000094a       0x34 c:/freescale/kds_v3/toolchain/bin/../lib/gcc/arm-none-eabi/4.8.4/../../../../arm-none-eabi/lib/armv7e-m/fpu\libg_s.a(lib_a-memchr-stub.o)
 .ARM.attributes
                0x0000097e       0x34 c:/freescale/kds_v3/toolchain/bin/../lib/gcc/arm-none-eabi/4.8.4/../../../../arm-none-eabi/lib/armv7e-m/fpu\libg_s.a(lib_a-memcmp.o)
 .ARM.attributes
                0x000009b2       0x34 c:/freescale/kds_v3/toolchain/bin/../lib/gcc/arm-none-eabi/4.8.4/../../../../arm-none-eabi/lib/armv7e-m/fpu\libg_s.a(lib_a-memcpy-stub.o)
 .ARM.attributes
                0x000009e6       0x34 c:/freescale/kds_v3/toolchain/bin/../lib/gcc/arm-none-eabi/4.8.4/../../../../arm-none-eabi/lib/armv7e-m/fpu\libg_s.a(lib_a-memmove.o)
 .ARM.attributes
                0x00000a1a       0x34 c:/freescale/kds_v3/toolchain/bin/../lib/gcc/arm-none-eabi/4.8.4/../../../../arm-none-eabi/lib/armv7e-m/fpu\libg_s.a(lib_a-memset.o)
 .ARM.attributes
                0x00000a4e       0x34 c:/freescale/kds_v3/toolchain/bin/../lib/gcc/arm-none-eabi/4.8.4/../../../../arm-none-eabi/lib/armv7e-m/fpu\libg_s.a(lib_a-nano-freer.o)
 .ARM.attributes
                0x00000a82       0x34 c:/freescale/kds_v3/toolchain/bin/../lib/gcc/arm-none-eabi/4.8.4/../../../../arm-none-eabi/lib/armv7e-m/fpu\libg_s.a(lib_a-nano-mallocr.o)
 .ARM.attributes
                0x00000ab6       0x34 c:/freescale/kds_v3/toolchain/bin/../lib/gcc/arm-none-eabi/4.8.4/../../../../arm-none-eabi/lib/armv7e-m/fpu\libg_s.a(lib_a-realloc.o)
 .ARM.attributes
                0x00000aea       0x34 c:/freescale/kds_v3/toolchain/bin/../lib/gcc/arm-none-eabi/4.8.4/../../../../arm-none-eabi/lib/armv7e-m/fpu\libg_s.a(lib_a-sbrkr.o)
 .ARM.attributes
                0x00000b1e       0x34 c:/freescale/kds_v3/toolchain/bin/../lib/gcc/arm-none-eabi/4.8.4/../../../../arm-none-eabi/lib/armv7e-m/fpu\libg_s.a(lib_a-signal.o)
 .ARM.attributes
                0x00000b52       0x34 c:/freescale/kds_v3/toolchain/bin/../lib/gcc/arm-none-eabi/4.8.4/../../../../arm-none-eabi/lib/armv7e-m/fpu\libg_s.a(lib_a-signalr.o)
 .ARM.attributes
                0x00000b86       0x34 c:/freescale/kds_v3/toolchain/bin/../lib/gcc/arm-none-eabi/4.8.4/../../../../arm-none-eabi/lib/armv7e-m/fpu\libg_s.a(lib_a-sprintf.o)
 .ARM.attributes
                0x00000bba       0x20 c:/freescale/kds_v3/toolchain/bin/../lib/gcc/arm-none-eabi/4.8.4/../../../../arm-none-eabi/lib/armv7e-m/fpu\libg_s.a(lib_a-strcmp.o)
 .ARM.attributes
                0x00000bda       0x34 c:/freescale/kds_v3/toolchain/bin/../lib/gcc/arm-none-eabi/4.8.4/../../../../arm-none-eabi/lib/armv7e-m/fpu\libg_s.a(lib_a-strlen.o)
 .ARM.attributes
                0x00000c0e       0x34 c:/freescale/kds_v3/toolchain/bin/../lib/gcc/arm-none-eabi/4.8.4/../../../../arm-none-eabi/lib/armv7e-m/fpu\libg_s.a(lib_a-strncmp.o)
 .ARM.attributes
                0x00000c42       0x34 c:/freescale/kds_v3/toolchain/bin/../lib/gcc/arm-none-eabi/4.8.4/../../../../arm-none-eabi/lib/armv7e-m/fpu\libg_s.a(lib_a-svfprintf.o)
 .ARM.attributes
                0x00000c76       0x34 c:/freescale/kds_v3/toolchain/bin/../lib/gcc/arm-none-eabi/4.8.4/../../../../arm-none-eabi/lib/armv7e-m/fpu\libg_s.a(lib_a-syswrite.o)
 .ARM.attributes
                0x00000caa       0x34 c:/freescale/kds_v3/toolchain/bin/../lib/gcc/arm-none-eabi/4.8.4/../../../../arm-none-eabi/lib/armv7e-m/fpu\libg_s.a(lib_a-vfprintf_i.o)
 .ARM.attributes
                0x00000cde       0x34 c:/freescale/kds_v3/toolchain/bin/../lib/gcc/arm-none-eabi/4.8.4/../../../../arm-none-eabi/lib/armv7e-m/fpu\libg_s.a(lib_a-vsnprintf.o)
 .ARM.attributes
                0x00000d12       0x34 c:/freescale/kds_v3/toolchain/bin/../lib/gcc/arm-none-eabi/4.8.4/../../../../arm-none-eabi/lib/armv7e-m/fpu\libg_s.a(lib_a-wbuf.o)
 .ARM.attributes
                0x00000d46       0x34 c:/freescale/kds_v3/toolchain/bin/../lib/gcc/arm-none-eabi/4.8.4/../../../../arm-none-eabi/lib/armv7e-m/fpu\libg_s.a(lib_a-writer.o)
 .ARM.attributes
                0x00000d7a       0x34 c:/freescale/kds_v3/toolchain/bin/../lib/gcc/arm-none-eabi/4.8.4/../../../../arm-none-eabi/lib/armv7e-m/fpu\libg_s.a(lib_a-wsetup.o)
 .ARM.attributes
                0x00000dae       0x34 c:/freescale/kds_v3/toolchain/bin/../lib/gcc/arm-none-eabi/4.8.4/../../../../arm-none-eabi/lib/armv7e-m/fpu\libg_s.a(lib_a-fflush.o)
 .ARM.attributes
                0x00000de2       0x34 c:/freescale/kds_v3/toolchain/bin/../lib/gcc/arm-none-eabi/4.8.4/../../../../arm-none-eabi/lib/armv7e-m/fpu\libg_s.a(lib_a-findfp.o)
 .ARM.attributes
                0x00000e16       0x34 c:/freescale/kds_v3/toolchain/bin/../lib/gcc/arm-none-eabi/4.8.4/../../../../arm-none-eabi/lib/armv7e-m/fpu\libg_s.a(lib_a-makebuf.o)
 .ARM.attributes
                0x00000e4a       0x34 c:/freescale/kds_v3/toolchain/bin/../lib/gcc/arm-none-eabi/4.8.4/../../../../arm-none-eabi/lib/armv7e-m/fpu\libg_s.a(lib_a-nano-reallocr.o)
 .ARM.attributes
                0x00000e7e       0x34 c:/freescale/kds_v3/toolchain/bin/../lib/gcc/arm-none-eabi/4.8.4/../../../../arm-none-eabi/lib/armv7e-m/fpu\libg_s.a(lib_a-reent.o)
 .ARM.attributes
                0x00000eb2       0x34 c:/freescale/kds_v3/toolchain/bin/../lib/gcc/arm-none-eabi/4.8.4/../../../../arm-none-eabi/lib/armv7e-m/fpu\libg_s.a(lib_a-stdio.o)
 .ARM.attributes
                0x00000ee6       0x34 c:/freescale/kds_v3/toolchain/bin/../lib/gcc/arm-none-eabi/4.8.4/../../../../arm-none-eabi/lib/armv7e-m/fpu\libg_s.a(lib_a-closer.o)
 .ARM.attributes
                0x00000f1a       0x34 c:/freescale/kds_v3/toolchain/bin/../lib/gcc/arm-none-eabi/4.8.4/../../../../arm-none-eabi/lib/armv7e-m/fpu\libg_s.a(lib_a-fstatr.o)
 .ARM.attributes
                0x00000f4e       0x34 c:/freescale/kds_v3/toolchain/bin/../lib/gcc/arm-none-eabi/4.8.4/../../../../arm-none-eabi/lib/armv7e-m/fpu\libg_s.a(lib_a-isattyr.o)
 .ARM.attributes
                0x00000f82       0x34 c:/freescale/kds_v3/toolchain/bin/../lib/gcc/arm-none-eabi/4.8.4/../../../../arm-none-eabi/lib/armv7e-m/fpu\libg_s.a(lib_a-lseekr.o)
 .ARM.attributes
                0x00000fb6       0x34 c:/freescale/kds_v3/toolchain/bin/../lib/gcc/arm-none-eabi/4.8.4/../../../../arm-none-eabi/lib/armv7e-m/fpu\libg_s.a(lib_a-nano-msizer.o)
 .ARM.attributes
                0x00000fea       0x34 c:/freescale/kds_v3/toolchain/bin/../lib/gcc/arm-none-eabi/4.8.4/../../../../arm-none-eabi/lib/armv7e-m/fpu\libg_s.a(lib_a-readr.o)
 .ARM.attributes
                0x0000101e       0x34 c:/freescale/kds_v3/toolchain/bin/../lib/gcc/arm-none-eabi/4.8.4/../../../../arm-none-eabi/lib/armv7e-m/fpu\libnosys.a(close.o)
 .ARM.attributes
                0x00001052       0x34 c:/freescale/kds_v3/toolchain/bin/../lib/gcc/arm-none-eabi/4.8.4/../../../../arm-none-eabi/lib/armv7e-m/fpu\libnosys.a(fstat.o)
 .ARM.attributes
                0x00001086       0x34 c:/freescale/kds_v3/toolchain/bin/../lib/gcc/arm-none-eabi/4.8.4/../../../../arm-none-eabi/lib/armv7e-m/fpu\libnosys.a(getpid.o)
 .ARM.attributes
                0x000010ba       0x34 c:/freescale/kds_v3/toolchain/bin/../lib/gcc/arm-none-eabi/4.8.4/../../../../arm-none-eabi/lib/armv7e-m/fpu\libnosys.a(isatty.o)
 .ARM.attributes
                0x000010ee       0x34 c:/freescale/kds_v3/toolchain/bin/../lib/gcc/arm-none-eabi/4.8.4/../../../../arm-none-eabi/lib/armv7e-m/fpu\libnosys.a(kill.o)
 .ARM.attributes
                0x00001122       0x34 c:/freescale/kds_v3/toolchain/bin/../lib/gcc/arm-none-eabi/4.8.4/../../../../arm-none-eabi/lib/armv7e-m/fpu\libnosys.a(lseek.o)
 .ARM.attributes
                0x00001156       0x34 c:/freescale/kds_v3/toolchain/bin/../lib/gcc/arm-none-eabi/4.8.4/../../../../arm-none-eabi/lib/armv7e-m/fpu\libnosys.a(read.o)
 .ARM.attributes
                0x0000118a       0x34 c:/freescale/kds_v3/toolchain/bin/../lib/gcc/arm-none-eabi/4.8.4/../../../../arm-none-eabi/lib/armv7e-m/fpu\libnosys.a(sbrk.o)
 .ARM.attributes
                0x000011be       0x34 c:/freescale/kds_v3/toolchain/bin/../lib/gcc/arm-none-eabi/4.8.4/../../../../arm-none-eabi/lib/armv7e-m/fpu\libnosys.a(write.o)
 .ARM.attributes
                0x000011f2       0x34 c:/freescale/kds_v3/toolchain/bin/../lib/gcc/arm-none-eabi/4.8.4/../../../../arm-none-eabi/lib/armv7e-m/fpu\libnosys.a(_exit.o)
 .ARM.attributes
                0x00001226       0x22 c:/freescale/kds_v3/toolchain/bin/../lib/gcc/arm-none-eabi/4.8.4/armv7e-m/fpu/crtn.o
OUTPUT(OculusHubMainDebug.elf elf32-littlearm)

.debug_info     0x00000000    0x2ec33
 .debug_info    0x00000000     0x40a2 ./src/main.o
 .debug_info    0x000040a2     0x4f58 ./src/oculushub_main.o
 .debug_info    0x00008ffa      0x1bc ./OculusHub_Src/cpu.o
 .debug_info    0x000091b6     0x5d6b ./OculusHub_Src/oculushub.o
 .debug_info    0x0000ef21      0x53b ./OculusHub_Src/startup.o
 .debug_info    0x0000f45c     0x3ad0 ./BpDevices_Src/com.o
 .debug_info    0x00012f2c     0x56f1 ./BpDevices_Src/com_uart.o
 .debug_info    0x0001861d     0x5ae8 ./BpDevices_Src/flash.o
 .debug_info    0x0001e105     0x1ea5 ./BpDevices_Src/mcg.o
 .debug_info    0x0001ffaa     0x1b4d ./BpDevices_Src/systick.o
 .debug_info    0x00021af7     0x199c ./BpClasses_Src/crc16.o
 .debug_info    0x00023493       0x8c ./BpClasses_Src/macros.o
 .debug_info    0x0002351f     0x182c ./BpApplication_Src/app.o
 .debug_info    0x00024d4b     0x228d ./BpApplication_Src/flash_data.o
 .debug_info    0x00026fd8     0x5e2e ./BpApplication_Src/flash_prog.o
 .debug_info    0x0002ce06     0x1e2d ./BpApplication_Src/ticktimer.o

.debug_abbrev   0x00000000     0x5716
 .debug_abbrev  0x00000000      0x667 ./src/main.o
 .debug_abbrev  0x00000667      0x821 ./src/oculushub_main.o
 .debug_abbrev  0x00000e88       0xd4 ./OculusHub_Src/cpu.o
 .debug_abbrev  0x00000f5c      0x9b8 ./OculusHub_Src/oculushub.o
 .debug_abbrev  0x00001914      0x196 ./OculusHub_Src/startup.o
 .debug_abbrev  0x00001aaa      0x683 ./BpDevices_Src/com.o
 .debug_abbrev  0x0000212d      0x917 ./BpDevices_Src/com_uart.o
 .debug_abbrev  0x00002a44      0x8c6 ./BpDevices_Src/flash.o
 .debug_abbrev  0x0000330a      0x437 ./BpDevices_Src/mcg.o
 .debug_abbrev  0x00003741      0x482 ./BpDevices_Src/systick.o
 .debug_abbrev  0x00003bc3      0x3c8 ./BpClasses_Src/crc16.o
 .debug_abbrev  0x00003f8b       0x4c ./BpClasses_Src/macros.o
 .debug_abbrev  0x00003fd7      0x34a ./BpApplication_Src/app.o
 .debug_abbrev  0x00004321      0x52e ./BpApplication_Src/flash_data.o
 .debug_abbrev  0x0000484f      0x9a9 ./BpApplication_Src/flash_prog.o
 .debug_abbrev  0x000051f8      0x51e ./BpApplication_Src/ticktimer.o

.debug_aranges  0x00000000      0x610
 .debug_aranges
                0x00000000       0x48 ./src/main.o
 .debug_aranges
                0x00000048       0x48 ./src/oculushub_main.o
 .debug_aranges
                0x00000090       0x20 ./OculusHub_Src/cpu.o
 .debug_aranges
                0x000000b0       0x70 ./OculusHub_Src/oculushub.o
 .debug_aranges
                0x00000120       0x38 ./OculusHub_Src/startup.o
 .debug_aranges
                0x00000158       0x40 ./BpDevices_Src/com.o
 .debug_aranges
                0x00000198      0x138 ./BpDevices_Src/com_uart.o
 .debug_aranges
                0x000002d0       0xe8 ./BpDevices_Src/flash.o
 .debug_aranges
                0x000003b8       0x30 ./BpDevices_Src/mcg.o
 .debug_aranges
                0x000003e8       0x58 ./BpDevices_Src/systick.o
 .debug_aranges
                0x00000440       0x28 ./BpClasses_Src/crc16.o
 .debug_aranges
                0x00000468       0x18 ./BpClasses_Src/macros.o
 .debug_aranges
                0x00000480       0x18 ./BpApplication_Src/app.o
 .debug_aranges
                0x00000498       0x60 ./BpApplication_Src/flash_data.o
 .debug_aranges
                0x000004f8       0x98 ./BpApplication_Src/flash_prog.o
 .debug_aranges
                0x00000590       0x80 ./BpApplication_Src/ticktimer.o

.debug_ranges   0x00000000      0x6c0
 .debug_ranges  0x00000000       0x38 ./src/main.o
 .debug_ranges  0x00000038       0x38 ./src/oculushub_main.o
 .debug_ranges  0x00000070       0x10 ./OculusHub_Src/cpu.o
 .debug_ranges  0x00000080       0x60 ./OculusHub_Src/oculushub.o
 .debug_ranges  0x000000e0       0x28 ./OculusHub_Src/startup.o
 .debug_ranges  0x00000108       0x78 ./BpDevices_Src/com.o
 .debug_ranges  0x00000180      0x128 ./BpDevices_Src/com_uart.o
 .debug_ranges  0x000002a8      0x120 ./BpDevices_Src/flash.o
 .debug_ranges  0x000003c8       0x60 ./BpDevices_Src/mcg.o
 .debug_ranges  0x00000428       0x48 ./BpDevices_Src/systick.o
 .debug_ranges  0x00000470       0x18 ./BpClasses_Src/crc16.o
 .debug_ranges  0x00000488       0xf8 ./BpApplication_Src/flash_data.o
 .debug_ranges  0x00000580       0xd0 ./BpApplication_Src/flash_prog.o
 .debug_ranges  0x00000650       0x70 ./BpApplication_Src/ticktimer.o

.debug_macro    0x00000000    0x161bf
 .debug_macro   0x00000000      0x58a ./src/main.o
 .debug_macro   0x0000058a      0x86e ./src/main.o
 .debug_macro   0x00000df8       0x1c ./src/main.o
 .debug_macro   0x00000e14       0x16 ./src/main.o
 .debug_macro   0x00000e2a       0x44 ./src/main.o
 .debug_macro   0x00000e6e      0x209 ./src/main.o
 .debug_macro   0x00001077       0x58 ./src/main.o
 .debug_macro   0x000010cf       0x35 ./src/main.o
 .debug_macro   0x00001104       0xa3 ./src/main.o
 .debug_macro   0x000011a7       0x16 ./src/main.o
 .debug_macro   0x000011bd       0x16 ./src/main.o
 .debug_macro   0x000011d3      0x10e ./src/main.o
 .debug_macro   0x000012e1       0x8d ./src/main.o
 .debug_macro   0x0000136e       0x52 ./src/main.o
 .debug_macro   0x000013c0       0x16 ./src/main.o
 .debug_macro   0x000013d6       0x43 ./src/main.o
 .debug_macro   0x00001419      0x180 ./src/main.o
 .debug_macro   0x00001599       0x16 ./src/main.o
 .debug_macro   0x000015af       0x29 ./src/main.o
 .debug_macro   0x000015d8       0xef ./src/main.o
 .debug_macro   0x000016c7      0x329 ./src/main.o
 .debug_macro   0x000019f0       0x1c ./src/main.o
 .debug_macro   0x00001a0c       0x6e ./src/main.o
 .debug_macro   0x00001a7a       0x28 ./src/main.o
 .debug_macro   0x00001aa2       0x11 ./src/main.o
 .debug_macro   0x00001ab3       0x12 ./src/main.o
 .debug_macro   0x00001ac5       0x82 ./src/main.o
 .debug_macro   0x00001b47       0x18 ./src/main.o
 .debug_macro   0x00001b5f       0x12 ./src/main.o
 .debug_macro   0x00001b71       0x22 ./src/main.o
 .debug_macro   0x00001b93       0x3c ./src/main.o
 .debug_macro   0x00001bcf       0x10 ./src/main.o
 .debug_macro   0x00001bdf       0x33 ./src/main.o
 .debug_macro   0x00001c12      0x15e ./src/main.o
 .debug_macro   0x00001d70       0x46 ./src/main.o
 .debug_macro   0x00001db6       0x10 ./src/main.o
 .debug_macro   0x00001dc6       0x35 ./src/main.o
 .debug_macro   0x00001dfb       0x2e ./src/main.o
 .debug_macro   0x00001e29       0x16 ./src/main.o
 .debug_macro   0x00001e3f       0x52 ./src/main.o
 .debug_macro   0x00001e91       0x5e ./src/main.o
 .debug_macro   0x00001eef       0x11 ./src/main.o
 .debug_macro   0x00001f00       0x2f ./src/main.o
 .debug_macro   0x00001f2f       0x10 ./src/main.o
 .debug_macro   0x00001f3f       0x10 ./src/main.o
 .debug_macro   0x00001f4f       0x16 ./src/main.o
 .debug_macro   0x00001f65      0x159 ./src/main.o
 .debug_macro   0x000020be       0x3f ./src/main.o
 .debug_macro   0x000020fd       0x3b ./src/main.o
 .debug_macro   0x00002138       0x50 ./src/main.o
 .debug_macro   0x00002188      0xd40 ./src/main.o
 .debug_macro   0x00002ec8     0xc856 ./src/main.o
 .debug_macro   0x0000f71e       0x28 ./src/main.o
 .debug_macro   0x0000f746       0x28 ./src/main.o
 .debug_macro   0x0000f76e      0x2db ./src/main.o
 .debug_macro   0x0000fa49      0x1da ./src/main.o
 .debug_macro   0x0000fc23       0x52 ./src/main.o
 .debug_macro   0x0000fc75      0x2ad ./src/main.o
 .debug_macro   0x0000ff22       0x10 ./src/main.o
 .debug_macro   0x0000ff32       0x1f ./src/main.o
 .debug_macro   0x0000ff51       0x52 ./src/main.o
 .debug_macro   0x0000ffa3       0x1c ./src/main.o
 .debug_macro   0x0000ffbf       0x10 ./src/main.o
 .debug_macro   0x0000ffcf       0x22 ./src/main.o
 .debug_macro   0x0000fff1       0xbd ./src/main.o
 .debug_macro   0x000100ae       0x16 ./src/main.o
 .debug_macro   0x000100c4      0x165 ./src/main.o
 .debug_macro   0x00010229       0x40 ./src/main.o
 .debug_macro   0x00010269       0x5e ./src/main.o
 .debug_macro   0x000102c7       0x16 ./src/main.o
 .debug_macro   0x000102dd       0x4f ./src/main.o
 .debug_macro   0x0001032c       0xb8 ./src/main.o
 .debug_macro   0x000103e4       0x16 ./src/main.o
 .debug_macro   0x000103fa       0x16 ./src/main.o
 .debug_macro   0x00010410       0x10 ./src/main.o
 .debug_macro   0x00010420      0x56f ./src/oculushub_main.o
 .debug_macro   0x0001098f      0x174 ./src/oculushub_main.o
 .debug_macro   0x00010b03       0x4a ./src/oculushub_main.o
 .debug_macro   0x00010b4d       0x58 ./src/oculushub_main.o
 .debug_macro   0x00010ba5      0x20f ./src/oculushub_main.o
 .debug_macro   0x00010db4       0x39 ./src/oculushub_main.o
 .debug_macro   0x00010ded      0x18b ./OculusHub_Src/cpu.o
 .debug_macro   0x00010f78      0x85c ./OculusHub_Src/cpu.o
 .debug_macro   0x000117d4       0xa3 ./OculusHub_Src/cpu.o
 .debug_macro   0x00011877       0x1c ./OculusHub_Src/cpu.o
 .debug_macro   0x00011893      0x10e ./OculusHub_Src/cpu.o
 .debug_macro   0x000119a1       0x86 ./OculusHub_Src/cpu.o
 .debug_macro   0x00011a27       0x43 ./OculusHub_Src/cpu.o
 .debug_macro   0x00011a6a       0x1c ./OculusHub_Src/cpu.o
 .debug_macro   0x00011a86      0xd40 ./OculusHub_Src/cpu.o
 .debug_macro   0x000127c6      0x565 ./OculusHub_Src/oculushub.o
 .debug_macro   0x00012d2b      0x1b4 ./OculusHub_Src/startup.o
 .debug_macro   0x00012edf      0x16d ./OculusHub_Src/startup.o
 .debug_macro   0x0001304c      0x283 ./OculusHub_Src/startup.o
 .debug_macro   0x000132cf       0x35 ./OculusHub_Src/startup.o
 .debug_macro   0x00013304      0x47f ./BpDevices_Src/com.o
 .debug_macro   0x00013783      0x16c ./BpDevices_Src/com.o